Component: ARM Compiler 5.06 update 5 (build 528) Tool: armlink [4d35e2]

==============================================================================

Section Cross References

    startup_stm32f10x_md.o(STACK) refers (Special) to heapauxi.o(.text) for __use_two_region_memory
    startup_stm32f10x_md.o(HEAP) refers (Special) to heapauxi.o(.text) for __use_two_region_memory
    startup_stm32f10x_md.o(RESET) refers (Special) to heapauxi.o(.text) for __use_two_region_memory
    startup_stm32f10x_md.o(RESET) refers to startup_stm32f10x_md.o(STACK) for __initial_sp
    startup_stm32f10x_md.o(RESET) refers to startup_stm32f10x_md.o(.text) for Reset_Handler
    startup_stm32f10x_md.o(RESET) refers to stm32f10x_it.o(i.NMI_Handler) for NMI_Handler
    startup_stm32f10x_md.o(RESET) refers to stm32f10x_it.o(i.HardFault_Handler) for HardFault_Handler
    startup_stm32f10x_md.o(RESET) refers to stm32f10x_it.o(i.MemManage_Handler) for MemManage_Handler
    startup_stm32f10x_md.o(RESET) refers to stm32f10x_it.o(i.BusFault_Handler) for BusFault_Handler
    startup_stm32f10x_md.o(RESET) refers to stm32f10x_it.o(i.UsageFault_Handler) for UsageFault_Handler
    startup_stm32f10x_md.o(RESET) refers to stm32f10x_it.o(i.SVC_Handler) for SVC_Handler
    startup_stm32f10x_md.o(RESET) refers to stm32f10x_it.o(i.DebugMon_Handler) for DebugMon_Handler
    startup_stm32f10x_md.o(RESET) refers to stm32f10x_it.o(i.PendSV_Handler) for PendSV_Handler
    startup_stm32f10x_md.o(RESET) refers to stm32f10x_it.o(i.SysTick_Handler) for SysTick_Handler
    startup_stm32f10x_md.o(RESET) refers to encoder.o(i.EXTI0_IRQHandler) for EXTI0_IRQHandler
    startup_stm32f10x_md.o(RESET) refers to encoder.o(i.EXTI1_IRQHandler) for EXTI1_IRQHandler
    startup_stm32f10x_md.o(RESET) refers to main.o(i.TIM2_IRQHandler) for TIM2_IRQHandler
    startup_stm32f10x_md.o(.text) refers (Special) to heapauxi.o(.text) for __use_two_region_memory
    startup_stm32f10x_md.o(.text) refers to system_stm32f10x.o(i.SystemInit) for SystemInit
    startup_stm32f10x_md.o(.text) refers to __main.o(!!!main) for __main
    startup_stm32f10x_md.o(.text) refers to startup_stm32f10x_md.o(HEAP) for Heap_Mem
    startup_stm32f10x_md.o(.text) refers to startup_stm32f10x_md.o(STACK) for Stack_Mem
    system_stm32f10x.o(i.SetSysClock) refers to system_stm32f10x.o(i.SetSysClockTo72) for SetSysClockTo72
    system_stm32f10x.o(i.SystemCoreClockUpdate) refers to system_stm32f10x.o(.data) for SystemCoreClock
    system_stm32f10x.o(i.SystemInit) refers to system_stm32f10x.o(i.SetSysClock) for SetSysClock
    stm32f10x_wwdg.o(i.WWDG_DeInit) refers to stm32f10x_rcc.o(i.RCC_APB1PeriphResetCmd) for RCC_APB1PeriphResetCmd
    stm32f10x_usart.o(i.USART_DeInit) refers to stm32f10x_rcc.o(i.RCC_APB2PeriphResetCmd) for RCC_APB2PeriphResetCmd
    stm32f10x_usart.o(i.USART_DeInit) refers to stm32f10x_rcc.o(i.RCC_APB1PeriphResetCmd) for RCC_APB1PeriphResetCmd
    stm32f10x_usart.o(i.USART_Init) refers to stm32f10x_rcc.o(i.RCC_GetClocksFreq) for RCC_GetClocksFreq
    stm32f10x_tim.o(i.TIM_DeInit) refers to stm32f10x_rcc.o(i.RCC_APB2PeriphResetCmd) for RCC_APB2PeriphResetCmd
    stm32f10x_tim.o(i.TIM_DeInit) refers to stm32f10x_rcc.o(i.RCC_APB1PeriphResetCmd) for RCC_APB1PeriphResetCmd
    stm32f10x_tim.o(i.TIM_ETRClockMode1Config) refers to stm32f10x_tim.o(i.TIM_ETRConfig) for TIM_ETRConfig
    stm32f10x_tim.o(i.TIM_ETRClockMode2Config) refers to stm32f10x_tim.o(i.TIM_ETRConfig) for TIM_ETRConfig
    stm32f10x_tim.o(i.TIM_ICInit) refers to stm32f10x_tim.o(i.TI1_Config) for TI1_Config
    stm32f10x_tim.o(i.TIM_ICInit) refers to stm32f10x_tim.o(i.TIM_SetIC1Prescaler) for TIM_SetIC1Prescaler
    stm32f10x_tim.o(i.TIM_ICInit) refers to stm32f10x_tim.o(i.TI2_Config) for TI2_Config
    stm32f10x_tim.o(i.TIM_ICInit) refers to stm32f10x_tim.o(i.TIM_SetIC2Prescaler) for TIM_SetIC2Prescaler
    stm32f10x_tim.o(i.TIM_ICInit) refers to stm32f10x_tim.o(i.TI3_Config) for TI3_Config
    stm32f10x_tim.o(i.TIM_ICInit) refers to stm32f10x_tim.o(i.TIM_SetIC3Prescaler) for TIM_SetIC3Prescaler
    stm32f10x_tim.o(i.TIM_ICInit) refers to stm32f10x_tim.o(i.TI4_Config) for TI4_Config
    stm32f10x_tim.o(i.TIM_ICInit) refers to stm32f10x_tim.o(i.TIM_SetIC4Prescaler) for TIM_SetIC4Prescaler
    stm32f10x_tim.o(i.TIM_ITRxExternalClockConfig) refers to stm32f10x_tim.o(i.TIM_SelectInputTrigger) for TIM_SelectInputTrigger
    stm32f10x_tim.o(i.TIM_PWMIConfig) refers to stm32f10x_tim.o(i.TI1_Config) for TI1_Config
    stm32f10x_tim.o(i.TIM_PWMIConfig) refers to stm32f10x_tim.o(i.TIM_SetIC1Prescaler) for TIM_SetIC1Prescaler
    stm32f10x_tim.o(i.TIM_PWMIConfig) refers to stm32f10x_tim.o(i.TI2_Config) for TI2_Config
    stm32f10x_tim.o(i.TIM_PWMIConfig) refers to stm32f10x_tim.o(i.TIM_SetIC2Prescaler) for TIM_SetIC2Prescaler
    stm32f10x_tim.o(i.TIM_TIxExternalClockConfig) refers to stm32f10x_tim.o(i.TI2_Config) for TI2_Config
    stm32f10x_tim.o(i.TIM_TIxExternalClockConfig) refers to stm32f10x_tim.o(i.TI1_Config) for TI1_Config
[...]
    Removing stm32f10x_cec.o(i.CEC_SendDataByte), (12 bytes).
    Removing stm32f10x_cec.o(i.CEC_SetPrescaler), (12 bytes).
    Removing stm32f10x_cec.o(i.CEC_StartOfMessage), (12 bytes).
    Removing stm32f10x_can.o(i.CAN_CancelTransmit), (48 bytes).
    Removing stm32f10x_can.o(i.CAN_ClearFlag), (56 bytes).
    Removing stm32f10x_can.o(i.CAN_ClearITPendingBit), (168 bytes).
    Removing stm32f10x_can.o(i.CAN_DBGFreeze), (22 bytes).
    Removing stm32f10x_can.o(i.CAN_DeInit), (56 bytes).
    Removing stm32f10x_can.o(i.CAN_FIFORelease), (22 bytes).
    Removing stm32f10x_can.o(i.CAN_FilterInit), (264 bytes).
    Removing stm32f10x_can.o(i.CAN_GetFlagStatus), (120 bytes).
    Removing stm32f10x_can.o(i.CAN_GetITStatus), (288 bytes).
    Removing stm32f10x_can.o(i.CAN_GetLSBTransmitErrorCounter), (12 bytes).
    Removing stm32f10x_can.o(i.CAN_GetLastErrorCode), (12 bytes).
    Removing stm32f10x_can.o(i.CAN_GetReceiveErrorCounter), (10 bytes).
    Removing stm32f10x_can.o(i.CAN_ITConfig), (18 bytes).
    Removing stm32f10x_can.o(i.CAN_Init), (276 bytes).
    Removing stm32f10x_can.o(i.CAN_MessagePending), (30 bytes).
    Removing stm32f10x_can.o(i.CAN_OperatingModeRequest), (162 bytes).
    Removing stm32f10x_can.o(i.CAN_Receive), (240 bytes).
    Removing stm32f10x_can.o(i.CAN_SlaveStartBank), (52 bytes).
    Removing stm32f10x_can.o(i.CAN_Sleep), (30 bytes).
    Removing stm32f10x_can.o(i.CAN_StructInit), (32 bytes).
    Removing stm32f10x_can.o(i.CAN_TTComModeCmd), (118 bytes).
    Removing stm32f10x_can.o(i.CAN_Transmit), (294 bytes).
    Removing stm32f10x_can.o(i.CAN_TransmitStatus), (160 bytes).
    Removing stm32f10x_can.o(i.CAN_WakeUp), (48 bytes).
    Removing stm32f10x_can.o(i.CheckITStatus), (18 bytes).
    Removing stm32f10x_bkp.o(i.BKP_ClearFlag), (20 bytes).
    Removing stm32f10x_bkp.o(i.BKP_ClearITPendingBit), (20 bytes).
    Removing stm32f10x_bkp.o(i.BKP_DeInit), (16 bytes).
    Removing stm32f10x_bkp.o(i.BKP_GetFlagStatus), (12 bytes).
    Removing stm32f10x_bkp.o(i.BKP_GetITStatus), (12 bytes).
    Removing stm32f10x_bkp.o(i.BKP_ITConfig), (12 bytes).
    Removing stm32f10x_bkp.o(i.BKP_RTCOutputConfig), (28 bytes).
    Removing stm32f10x_bkp.o(i.BKP_ReadBackupRegister), (28 bytes).
    Removing stm32f10x_bkp.o(i.BKP_SetRTCCalibrationValue), (28 bytes).
    Removing stm32f10x_bkp.o(i.BKP_TamperPinCmd), (12 bytes).
    Removing stm32f10x_bkp.o(i.BKP_TamperPinLevelConfig), (12 bytes).
    Removing stm32f10x_bkp.o(i.BKP_WriteBackupRegister), (28 bytes).
    Removing stm32f10x_adc.o(i.ADC_AnalogWatchdogCmd), (20 bytes).
    Removing stm32f10x_adc.o(i.ADC_AnalogWatchdogSingleChannelConfig), (16 bytes).
    Removing stm32f10x_adc.o(i.ADC_AnalogWatchdogThresholdsConfig), (6 bytes).
    Removing stm32f10x_adc.o(i.ADC_AutoInjectedConvCmd), (22 bytes).
    Removing stm32f10x_adc.o(i.ADC_ClearFlag), (6 bytes).
    Removing stm32f10x_adc.o(i.ADC_ClearITPendingBit), (10 bytes).
    Removing stm32f10x_adc.o(i.ADC_Cmd), (22 bytes).
    Removing stm32f10x_adc.o(i.ADC_DMACmd), (22 bytes).
    Removing stm32f10x_adc.o(i.ADC_DeInit), (92 bytes).
    Removing stm32f10x_adc.o(i.ADC_DiscModeChannelCountConfig), (24 bytes).
    Removing stm32f10x_adc.o(i.ADC_DiscModeCmd), (22 bytes).
    Removing stm32f10x_adc.o(i.ADC_ExternalTrigConvCmd), (22 bytes).
    Removing stm32f10x_adc.o(i.ADC_ExternalTrigInjectedConvCmd), (22 bytes).
    Removing stm32f10x_adc.o(i.ADC_ExternalTrigInjectedConvConfig), (16 bytes).
    Removing stm32f10x_adc.o(i.ADC_GetCalibrationStatus), (20 bytes).
    Removing stm32f10x_adc.o(i.ADC_GetConversionValue), (8 bytes).
    Removing stm32f10x_adc.o(i.ADC_GetDualModeConversionValue), (12 bytes).
    Removing stm32f10x_adc.o(i.ADC_GetFlagStatus), (18 bytes).
    Removing stm32f10x_adc.o(i.ADC_GetITStatus), (36 bytes).
    Removing stm32f10x_adc.o(i.ADC_GetInjectedConversionValue), (28 bytes).
    Removing stm32f10x_adc.o(i.ADC_GetResetCalibrationStatus), (20 bytes).
    Removing stm32f10x_adc.o(i.ADC_GetSoftwareStartConvStatus), (20 bytes).
    Removing stm32f10x_adc.o(i.ADC_GetSoftwareStartInjectedConvCmdStatus), (20 bytes).
    Removing stm32f10x_adc.o(i.ADC_ITConfig), (24 bytes).
    Removing stm32f10x_adc.o(i.ADC_Init), (80 bytes).
    Removing stm32f10x_adc.o(i.ADC_InjectedChannelConfig), (130 bytes).
    Removing stm32f10x_adc.o(i.ADC_InjectedDiscModeCmd), (22 bytes).
    Removing stm32f10x_adc.o(i.ADC_InjectedSequencerLengthConfig), (24 bytes).
    Removing stm32f10x_adc.o(i.ADC_RegularChannelConfig), (184 bytes).
    Removing stm32f10x_adc.o(i.ADC_ResetCalibration), (10 bytes).
    Removing stm32f10x_adc.o(i.ADC_SetInjectedOffset), (20 bytes).
    Removing stm32f10x_adc.o(i.ADC_SoftwareStartConvCmd), (22 bytes).
    Removing stm32f10x_adc.o(i.ADC_SoftwareStartInjectedConvCmd), (22 bytes).
    Removing stm32f10x_adc.o(i.ADC_StartCalibration), (10 bytes).
    Removing stm32f10x_adc.o(i.ADC_StructInit), (18 bytes).
    Removing stm32f10x_adc.o(i.ADC_TempSensorVrefintCmd), (36 bytes).
    Removing misc.o(i.NVIC_SetVectorTable), (20 bytes).
    Removing misc.o(i.NVIC_SystemLPConfig), (32 bytes).
    Removing misc.o(i.SysTick_CLKSourceConfig), (40 bytes).
    Removing delay.o(i.Delay_ms), (24 bytes).
    Removing delay.o(i.Delay_s), (24 bytes).
    Removing delay.o(i.Delay_us), (46 bytes).
    Removing oled.o(i.OLED_ShowBinNum), (62 bytes).
    Removing oled.o(i.OLED_ShowHexNum), (84 bytes).
    Removing oled.o(i.OLED_ShowSignedNum), (102 bytes).
    Removing menu.o(i.Menu_Mode), (12 bytes).
    Removing printer.o(i.Print_Init), (20 bytes).
    Removing printer.o(i.Print_String), (28 bytes).
    Removing printer.o(.data), (4 bytes).

467 unused section(s) (total 18784 bytes) removed from the image.

==============================================================================

Image Symbol Table

    Local Symbols

    Symbol Name                              Value     Ov Type        Size  Object(Section)

    ../clib/angel/boardlib.s                 0x00000000   Number         0  boardinit3.o ABSOLUTE
    ../clib/angel/boardlib.s                 0x00000000   Number         0  boardshut.o ABSOLUTE
    ../clib/angel/boardlib.s                 0x00000000   Number         0  boardinit2.o ABSOLUTE
    ../clib/angel/boardlib.s                 0x00000000   Number         0  boardinit1.o ABSOLUTE
    ../clib/angel/handlers.s                 0x00000000   Number         0  __scatter_copy.o ABSOLUTE
    ../clib/angel/handlers.s                 0x00000000   Number         0  __scatter_zi.o ABSOLUTE
    ../clib/angel/kernel.s                   0x00000000   Number         0  __rtentry2.o ABSOLUTE
    ../clib/angel/kernel.s                   0x00000000   Number         0  rtexit2.o ABSOLUTE
    ../clib/angel/kernel.s                   0x00000000   Number         0  __rtentry.o ABSOLUTE
    ../clib/angel/kernel.s                   0x00000000   Number         0  rtexit.o ABSOLUTE
    ../clib/angel/kernel.s                   0x00000000   Number         0  __rtentry4.o ABSOLUTE
    ../clib/angel/rt.s                       0x00000000   Number         0  rt_raise.o ABSOLUTE
    ../clib/angel/rt.s                       0x00000000   Number         0  rt_locale_intlibspace.o ABSOLUTE
    ../clib/angel/rt.s                       0x00000000   Number         0  rt_locale.o ABSOLUTE
    ../clib/angel/scatter.s                  0x00000000   Number         0  __scatter.o ABSOLUTE
    ../clib/angel/startup.s                  0x00000000   Number         0  __main.o ABSOLUTE
    ../clib/angel/sys.s                      0x00000000   Number         0  use_no_semi.o ABSOLUTE
    ../clib/angel/sys.s                      0x00000000   Number         0  indicate_semi.o ABSOLUTE
    ../clib/angel/sys.s                      0x00000000   Number         0  sys_stackheap_outer.o ABSOLUTE
    ../clib/angel/sys.s                      0x00000000   Number         0  libspace.o ABSOLUTE
    ../clib/angel/sysapp.c                   0x00000000   Number         0  sys_exit.o ABSOLUTE
    ../clib/angel/sysapp.c                   0x00000000   Number         0  sys_command.o ABSOLUTE
    ../clib/angel/sysapp.c                   0x00000000   Number         0  sys_wrch.o ABSOLUTE
    ../clib/armsys.c                         0x00000000   Number         0  argv_veneer.o ABSOLUTE
    ../clib/armsys.c                         0x00000000   Number         0  _get_argv_nomalloc.o ABSOLUTE
    ../clib/armsys.c                         0x00000000   Number         0  no_argv.o ABSOLUTE
    ../clib/armsys.c                         0x00000000   Number         0  argv_veneer.o ABSOLUTE
    ../clib/bigflt.c                         0x00000000   Number         0  bigflt0.o ABSOLUTE
    ../clib/btod.s                           0x00000000   Number         0  btod.o ABSOLUTE
    ../clib/heapalloc.c                      0x00000000   Number         0  hrguard.o ABSOLUTE
    ../clib/heapaux.c                        0x00000000   Number         0  heapauxi.o ABSOLUTE
    ../clib/libinit.s                        0x00000000   Number         0  libshutdown.o ABSOLUTE
    ../clib/libinit.s                        0x00000000   Number         0  libinit2.o ABSOLUTE
    ../clib/libinit.s                        0x00000000   Number         0  libshutdown2.o ABSOLUTE
    ../clib/libinit.s                        0x00000000   Number         0  libinit.o ABSOLUTE
    ../clib/locale.s                         0x00000000   Number         0  lc_numeric_c.o ABSOLUTE
    ../clib/longlong.s                       0x00000000   Number         0  lludiv10.o ABSOLUTE
    ../clib/memcpset.s                       0x00000000   Number         0  strcmpv7m.o ABSOLUTE
    ../clib/memcpset.s                       0x00000000   Number         0  rt_memcpy_w.o ABSOLUTE
    ../clib/misc.s                           0x00000000   Number         0  printf_stubs.o ABSOLUTE
    ../clib/printf.c                         0x00000000   Number         0  __printf_flags_ss_wp.o ABSOLUTE
    ../clib/printf.c                         0x00000000   Number         0  __printf_ss_wp.o ABSOLUTE
    ../clib/printf.c                         0x00000000   Number         0  __printf_flags_wp.o ABSOLUTE
    ../clib/printf.c                         0x00000000   Number         0  __printf_wp.o ABSOLUTE
    ../clib/printf.c                         0x00000000   Number         0  __printf_flags_ss.o ABSOLUTE
    ../clib/printf.c                         0x00000000   Number         0  __printf_ss.o ABSOLUTE
    ../clib/printf.c                         0x00000000   Number         0  __printf_flags.o ABSOLUTE
    ../clib/printf.c                         0x00000000   Number         0  noretval__2sprintf.o ABSOLUTE
    ../clib/printf.c                         0x00000000   Number         0  __2sprintf.o ABSOLUTE
    ../clib/printf.c                         0x00000000   Number         0  __printf.o ABSOLUTE
    ../clib/printf.c                         0x00000000   Number         0  __printf_nopercent.o ABSOLUTE
    ../clib/printf.c                         0x00000000   Number         0  _printf_fp_infnan.o ABSOLUTE
    ../clib/printf.c                         0x00000000   Number         0  _printf_fp_dec.o ABSOLUTE
    ../clib/printf.c                         0x00000000   Number         0  _printf_char_common.o ABSOLUTE
    ../clib/printf.c                         0x00000000   Number         0  _sputc.o ABSOLUTE
    ../clib/printf_percent.s                 0x00000000   Number         0  _printf_percent.o ABSOLUTE
    ../clib/printf_percent.s                 0x00000000   Number         0  _printf_f.o ABSOLUTE
    ../clib/printf_percent.s                 0x00000000   Number         0  _printf_percent_end.o ABSOLUTE
    ../clib/signal.c                         0x00000000   Number         0  defsig_rtmem_formal.o ABSOLUTE
    ../clib/signal.c                         0x00000000   Number         0  defsig_rtmem_outer.o ABSOLUTE
    ../clib/signal.c                         0x00000000   Number         0  defsig_other.o ABSOLUTE
    ../clib/signal.c                         0x00000000   Number         0  defsig_segv_inner.o ABSOLUTE
    ../clib/signal.c                         0x00000000   Number         0  defsig_cppl_inner.o ABSOLUTE
    ../clib/signal.c                         0x00000000   Number         0  defsig_pvfn_inner.o ABSOLUTE
    ../clib/signal.c                         0x00000000   Number         0  defsig_stak_inner.o ABSOLUTE
    ../clib/signal.c                         0x00000000   Number         0  defsig_abrt_inner.o ABSOLUTE
    ../clib/signal.c                         0x00000000   Number         0  defsig_rtred_inner.o ABSOLUTE
    ../clib/signal.c                         0x00000000   Number         0  defsig_fpe_inner.o ABSOLUTE
    ../clib/signal.c                         0x00000000   Number         0  defsig_exit.o ABSOLUTE
    ../clib/signal.c                         0x00000000   Number         0  defsig_general.o ABSOLUTE
    ../clib/signal.c                         0x00000000   Number         0  __raise.o ABSOLUTE
    ../clib/signal.c                         0x00000000   Number         0  defsig_rtmem_inner.o ABSOLUTE
    ../clib/signal.s                         0x00000000   Number         0  defsig.o ABSOLUTE
    ../clib/stdlib.c                         0x00000000   Number         0  exit.o ABSOLUTE
    ../fplib/dretinf.s                       0x00000000   Number         0  dretinf.o ABSOLUTE
    ../fplib/f2d.s                           0x00000000   Number         0  f2d.o ABSOLUTE
    ../fplib/fdiv.s                          0x00000000   Number         0  fdiv.o ABSOLUTE
    ../fplib/fflt.s                          0x00000000   Number         0  fflt_clz.o ABSOLUTE
    ../fplib/fnaninf.s                       0x00000000   Number         0  fnaninf.o ABSOLUTE
    ../fplib/fpinit.s                        0x00000000   Number         0  fpinit.o ABSOLUTE
    ../fplib/fretinf.s                       0x00000000   Number         0  fretinf.o ABSOLUTE
    ../fplib/istatus.s                       0x00000000   Number         0  istatus.o ABSOLUTE
    ../fplib/printf1.s                       0x00000000   Number         0  printf1.o ABSOLUTE
    ../fplib/usenofp.s                       0x00000000   Number         0  usenofp.o ABSOLUTE
    ../mathlib/fpclassify.c                  0x00000000   Number         0  fpclassify.o ABSOLUTE
    Hardware\Key.c                           0x00000000   Number         0  key.o ABSOLUTE
    Hardware\LED.c                           0x00000000   Number         0  led.o ABSOLUTE
    Hardware\Menu.c                          0x00000000   Number         0  menu.o ABSOLUTE
    Hardware\OLED.c                          0x00000000   Number         0  oled.o ABSOLUTE
    Hardware\Printer.c                       0x00000000   Number         0  printer.o ABSOLUTE
    Library\misc.c                           0x00000000   Number         0  misc.o ABSOLUTE
    Library\stm32f10x_adc.c                  0x00000000   Number         0  stm32f10x_adc.o ABSOLUTE
    Library\stm32f10x_bkp.c                  0x00000000   Number         0  stm32f10x_bkp.o ABSOLUTE
    Library\stm32f10x_can.c                  0x00000000   Number         0  stm32f10x_can.o ABSOLUTE
    Library\stm32f10x_cec.c                  0x00000000   Number         0  stm32f10x_cec.o ABSOLUTE
    Library\stm32f10x_crc.c                  0x00000000   Number         0  stm32f10x_crc.o ABSOLUTE
    Library\stm32f10x_dac.c                  0x00000000   Number         0  stm32f10x_dac.o ABSOLUTE
    Library\stm32f10x_dbgmcu.c               0x00000000   Number         0  stm32f10x_dbgmcu.o ABSOLUTE
    Library\stm32f10x_dma.c                  0x00000000   Number         0  stm32f10x_dma.o ABSOLUTE
    Library\stm32f10x_exti.c                 0x00000000   Number         0  stm32f10x_exti.o ABSOLUTE
    Library\stm32f10x_flash.c                0x00000000   Number         0  stm32f10x_flash.o ABSOLUTE
    Library\stm32f10x_fsmc.c                 0x00000000   Number         0  stm32f10x_fsmc.o ABSOLUTE
    Library\stm32f10x_gpio.c                 0x00000000   Number         0  stm32f10x_gpio.o ABSOLUTE
    Library\stm32f10x_i2c.c                  0x00000000   Number         0  stm32f10x_i2c.o ABSOLUTE
    Library\stm32f10x_iwdg.c                 0x00000000   Number         0  stm32f10x_iwdg.o ABSOLUTE
    Library\stm32f10x_pwr.c                  0x00000000   Number         0  stm32f10x_pwr.o ABSOLUTE
    Library\stm32f10x_rcc.c                  0x00000000   Number         0  stm32f10x_rcc.o ABSOLUTE
    Library\stm32f10x_rtc.c                  0x00000000   Number         0  stm32f10x_rtc.o ABSOLUTE
    Library\stm32f10x_sdio.c                 0x00000000   Number         0  stm32f10x_sdio.o ABSOLUTE
    Library\stm32f10x_spi.c                  0x00000000   Number         0  stm32f10x_spi.o ABSOLUTE
    Library\stm32f10x_tim.c                  0x00000000   Number         0  stm32f10x_tim.o ABSOLUTE
    Library\stm32f10x_usart.c                0x00000000   Number         0  stm32f10x_usart.o ABSOLUTE
    Library\stm32f10x_wwdg.c                 0x00000000   Number         0  stm32f10x_wwdg.o ABSOLUTE
    Start\\core_cm3.c                        0x00000000   Number         0  core_cm3.o ABSOLUTE
    Start\core_cm3.c                         0x00000000   Number         0  core_cm3.o ABSOLUTE
    Start\startup_stm32f10x_md.s             0x00000000   Number         0  startup_stm32f10x_md.o ABSOLUTE
    Start\system_stm32f10x.c                 0x00000000   Number         0  system_stm32f10x.o ABSOLUTE
    System\Delay.c                           0x00000000   Number         0  delay.o ABSOLUTE
    User\main.c                              0x00000000   Number         0  main.o ABSOLUTE
    User\stm32f10x_it.c                      0x00000000   Number         0  stm32f10x_it.o ABSOLUTE
    dc.s                                     0x00000000   Number         0  dc.o ABSOLUTE
    hardware\Encoder.c                       0x00000000   Number         0  encoder.o ABSOLUTE
    system\Timer.c                           0x00000000   Number         0  timer.o ABSOLUTE
    RESET                                    0x08000000   Section      236  startup_stm32f10x_md.o(RESET)
    !!!main                                  0x080000ec   Section        8  __main.o(!!!main)
    !!!scatter                               0x080000f4   Section       52  __scatter.o(!!!scatter)
    !!handler_copy                           0x08000128   Section       26  __scatter_copy.o(!!handler_copy)
    !!handler_zi                             0x08000144   Section       28  __scatter_zi.o(!!handler_zi)
    .ARM.Collect$$_printf_percent$$00000000  0x08000160   Section        0  _printf_percent.o(.ARM.Collect$$_printf_percent$$00000000)
    .ARM.Collect$$_printf_percent$$00000003  0x08000160   Section        6  _printf_f.o(.ARM.Collect$$_printf_percent$$00000003)
    .ARM.Collect$$_printf_percent$$00000017  0x08000166   Section        4  _printf_percent_end.o(.ARM.Collect$$_printf_percent$$00000017)
    .ARM.Collect$$libinit$$00000000          0x0800016a   Section        2  libinit.o(.ARM.Collect$$libinit$$00000000)
    .ARM.Collect$$libinit$$00000002          0x0800016c   Section        0  libinit2.o(.ARM.Collect$$libinit$$00000002)
    .ARM.Collect$$libinit$$00000004          0x0800016c   Section        0  libinit2.o(.ARM.Collect$$libinit$$00000004)
    .ARM.Collect$$libinit$$0000000A          0x0800016c   Section        0  libinit2.o(.ARM.Collect$$libinit$$0000000A)
    .ARM.Collect$$libinit$$0000000C          0x0800016c   Section        0  libinit2.o(.ARM.Collect$$libinit$$0000000C)
    .ARM.Collect$$libinit$$0000000E          0x0800016c   Section        0  libinit2.o(.ARM.Collect$$libinit$$0000000E)
    .ARM.Collect$$libinit$$0000000F          0x0800016c   Section        6  libinit2.o(.ARM.Collect$$libinit$$0000000F)
    .ARM.Collect$$libinit$$00000011          0x08000172   Section        0  libinit2.o(.ARM.Collect$$libinit$$00000011)
    .ARM.Collect$$libinit$$00000013          0x08000172   Section        0  libinit2.o(.ARM.Collect$$libinit$$00000013)
    .ARM.Collect$$libinit$$00000015          0x08000172   Section        0  libinit2.o(.ARM.Collect$$libinit$$00000015)
    .ARM.Collect$$libinit$$00000016          0x08000172   Section       10  libinit2.o(.ARM.Collect$$libinit$$00000016)
    .ARM.Collect$$libinit$$00000017          0x0800017c   Section        0  libinit2.o(.ARM.Collect$$libinit$$00000017)
    .ARM.Collect$$libinit$$00000019          0x0800017c   Section        0  libinit2.o(.ARM.Collect$$libinit$$00000019)
    .ARM.Collect$$libinit$$0000001B          0x0800017c   Section        0  libinit2.o(.ARM.Collect$$libinit$$0000001B)
    .ARM.Collect$$libinit$$0000001D          0x0800017c   Section        0  libinit2.o(.ARM.Collect$$libinit$$0000001D)
    .ARM.Collect$$libinit$$0000001F          0x0800017c   Section        0  libinit2.o(.ARM.Collect$$libinit$$0000001F)
    .ARM.Collect$$libinit$$00000021          0x0800017c   Section        0  libinit2.o(.ARM.Collect$$libinit$$00000021)
    .ARM.Collect$$libinit$$00000023          0x0800017c   Section        0  libinit2.o(.ARM.Collect$$libinit$$00000023)
    .ARM.Collect$$libinit$$00000025          0x0800017c   Section        0  libinit2.o(.ARM.Collect$$libinit$$00000025)
    .ARM.Collect$$libinit$$0000002C          0x0800017c   Section        0  libinit2.o(.ARM.Collect$$libinit$$0000002C)
    .ARM.Collect$$libinit$$0000002E          0x0800017c   Section        0  libinit2.o(.ARM.Collect$$libinit$$0000002E)
    .ARM.Collect$$libinit$$00000030          0x0800017c   Section        0  libinit2.o(.ARM.Collect$$libinit$$00000030)
    .ARM.Collect$$libinit$$00000032          0x0800017c   Section        0  libinit2.o(.ARM.Collect$$libinit$$00000032)
    .ARM.Collect$$libinit$$00000033          0x0800017c   Section        2  libinit2.o(.ARM.Collect$$libinit$$00000033)
    .ARM.Collect$$libshutdown$$00000000      0x0800017e   Section        2  libshutdown.o(.ARM.Collect$$libshutdown$$00000000)
    .ARM.Collect$$libshutdown$$00000002      0x08000180   Section        0  libshutdown2.o(.ARM.Collect$$libshutdown$$00000002)
    .ARM.Collect$$libshutdown$$00000004      0x08000180   Section        0  libshutdown2.o(.ARM.Collect$$libshutdown$$00000004)
    .ARM.Collect$$libshutdown$$00000007      0x08000180   Section        0  libshutdown2.o(.ARM.Collect$$libshutdown$$00000007)
    .ARM.Collect$$libshutdown$$0000000A      0x08000180   Section        0  libshutdown2.o(.ARM.Collect$$libshutdown$$0000000A)
    .ARM.Collect$$libshutdown$$0000000C      0x08000180   Section        0  libshutdown2.o(.ARM.Collect$$libshutdown$$0000000C)
    .ARM.Collect$$libshutdown$$0000000F      0x08000180   Section        0  libshutdown2.o(.ARM.Collect$$libshutdown$$0000000F)
    .ARM.Collect$$libshutdown$$00000010      0x08000180   Section        2  libshutdown2.o(.ARM.Collect$$libshutdown$$00000010)
    .ARM.Collect$$rtentry$$00000000          0x08000182   Section        0  __rtentry.o(.ARM.Collect$$rtentry$$00000000)
    .ARM.Collect$$rtentry$$00000002          0x08000182   Section        0  __rtentry2.o(.ARM.Collect$$rtentry$$00000002)
    .ARM.Collect$$rtentry$$00000004          0x08000182   Section        6  __rtentry4.o(.ARM.Collect$$rtentry$$00000004)
    .ARM.Collect$$rtentry$$00000009          0x08000188   Section        0  __rtentry2.o(.ARM.Collect$$rtentry$$00000009)
    .ARM.Collect$$rtentry$$0000000A          0x08000188   Section        4  __rtentry2.o(.ARM.Collect$$rtentry$$0000000A)
    .ARM.Collect$$rtentry$$0000000C          0x0800018c   Section        0  __rtentry2.o(.ARM.Collect$$rtentry$$0000000C)
    .ARM.Collect$$rtentry$$0000000D          0x0800018c   Section        8  __rtentry2.o(.ARM.Collect$$rtentry$$0000000D)
    .ARM.Collect$$rtexit$$00000000           0x08000194   Section        2  rtexit.o(.ARM.Collect$$rtexit$$00000000)
    .ARM.Collect$$rtexit$$00000002           0x08000196   Section        0  rtexit2.o(.ARM.Collect$$rtexit$$00000002)
    .ARM.Collect$$rtexit$$00000003           0x08000196   Section        4  rtexit2.o(.ARM.Collect$$rtexit$$00000003)
    .ARM.Collect$$rtexit$$00000004           0x0800019a   Section        6  rtexit2.o(.ARM.Collect$$rtexit$$00000004)
    .text                                    0x080001a0   Section       64  startup_stm32f10x_md.o(.text)
    .text                                    0x080001e0   Section        0  noretval__2sprintf.o(.text)
    .text                                    0x08000208   Section        0  __printf_wp.o(.text)
    .text                                    0x08000316   Section      100  rt_memcpy_w.o(.text)
    .text                                    0x0800037c   Section      128  strcmpv7m.o(.text)
    .text                                    0x080003fc   Section        0  heapauxi.o(.text)
    .text                                    0x08000402   Section        0  _printf_fp_dec.o(.text)
    _fp_digits                               0x08000405   Thumb Code   432  _printf_fp_dec.o(.text)
    .text                                    0x08000820   Section        0  _printf_char_common.o(.text)
    _printf_input_char                       0x08000821   Thumb Code    10  _printf_char_common.o(.text)
    .text                                    0x08000850   Section        0  _sputc.o(.text)
    .text                                    0x0800085c   Section        8  rt_locale_intlibspace.o(.text)
    .text                                    0x08000864   Section      138  lludiv10.o(.text)
    .text                                    0x080008f0   Section        0  _printf_fp_infnan.o(.text)
    .text                                    0x08000970   Section        0  bigflt0.o(.text)
    .text                                    0x08000a54   Section        8  libspace.o(.text)
    .text                                    0x08000a5c   Section       74  sys_stackheap_outer.o(.text)
    .text                                    0x08000aa6   Section        0  exit.o(.text)
    .text                                    0x08000ab8   Section        0  sys_exit.o(.text)
    .text                                    0x08000ac4   Section        2  use_no_semi.o(.text)
    .text                                    0x08000ac6   Section        0  indicate_semi.o(.text)
    CL$$btod_d2e                             0x08000ac6   Section       62  btod.o(CL$$btod_d2e)
    CL$$btod_d2e_denorm_low                  0x08000b04   Section       70  btod.o(CL$$btod_d2e_denorm_low)
    CL$$btod_d2e_norm_op1                    0x08000b4a   Section       96  btod.o(CL$$btod_d2e_norm_op1)
    CL$$btod_div_common                      0x08000baa   Section      824  btod.o(CL$$btod_div_common)
    CL$$btod_e2e                             0x08000ee2   Section      220  btod.o(CL$$btod_e2e)
    CL$$btod_ediv                            0x08000fbe   Section       42  btod.o(CL$$btod_ediv)
    CL$$btod_emul                            0x08000fe8   Section       42  btod.o(CL$$btod_emul)
    CL$$btod_mult_common                     0x08001012   Section      580  btod.o(CL$$btod_mult_common)
    i.BusFault_Handler                       0x08001256   Section        0  stm32f10x_it.o(i.BusFault_Handler)
    i.DebugMon_Handler                       0x0800125a   Section        0  stm32f10x_it.o(i.DebugMon_Handler)
    i.EXTI0_IRQHandler                       0x0800125c   Section        0  encoder.o(i.EXTI0_IRQHandler)
    i.EXTI1_IRQHandler                       0x08001298   Section        0  encoder.o(i.EXTI1_IRQHandler)
    i.EXTI_ClearITPendingBit                 0x080012d4   Section        0  stm32f10x_exti.o(i.EXTI_ClearITPendingBit)
    i.EXTI_GetITStatus                       0x080012e0   Section        0  stm32f10x_exti.o(i.EXTI_GetITStatus)
    i.EXTI_Init                              0x08001308   Section        0  stm32f10x_exti.o(i.EXTI_Init)
    i.Encoder_Get                            0x0800139c   Section        0  encoder.o(i.Encoder_Get)
    i.Encoder_Init                           0x080013b0   Section        0  encoder.o(i.Encoder_Init)
    i.FloodLED_LeftTurn                      0x0800144c   Section        0  led.o(i.FloodLED_LeftTurn)
    i.FloodLED_RightTurn                     0x080014ac   Section        0  led.o(i.FloodLED_RightTurn)
    i.GPIO_EXTILineConfig                    0x0800150c   Section        0  stm32f10x_gpio.o(i.GPIO_EXTILineConfig)
    i.GPIO_Init                              0x0800154c   Section        0  stm32f10x_gpio.o(i.GPIO_Init)
    i.GPIO_ReadInputDataBit                  0x08001662   Section        0  stm32f10x_gpio.o(i.GPIO_ReadInputDataBit)
    i.GPIO_SetBits                           0x08001674   Section        0  stm32f10x_gpio.o(i.GPIO_SetBits)
    i.GPIO_WriteBit                          0x08001678   Section        0  stm32f10x_gpio.o(i.GPIO_WriteBit)
    i.HardFault_Handler                      0x08001682   Section        0  stm32f10x_it.o(i.HardFault_Handler)
    i.Key_Check                              0x08001688   Section        0  key.o(i.Key_Check)
    i.Key_GetNum                             0x080016ac   Section        0  key.o(i.Key_GetNum)
    i.Key_GetState                           0x080016ec   Section        0  key.o(i.Key_GetState)
    i.Key_Init                               0x08001744   Section        0  key.o(i.Key_Init)
    i.Key_Tick                               0x08001798   Section        0  key.o(i.Key_Tick)
    i.LED_DirSet                             0x08001a48   Section        0  led.o(i.LED_DirSet)
    i.LED_Init                               0x08001a54   Section        0  led.o(i.LED_Init)
    i.LED_SpeedSet                           0x08001a8c   Section        0  led.o(i.LED_SpeedSet)
    i.LED_Tick                               0x08001aa0   Section        0  led.o(i.LED_Tick)
    i.MemManage_Handler                      0x08001adc   Section        0  stm32f10x_it.o(i.MemManage_Handler)
    i.Menu_Init                              0x08001ae0   Section        0  menu.o(i.Menu_Init)
    i.Menu_LED_Direction                     0x08001bfc   Section        0  menu.o(i.Menu_LED_Direction)
    i.Menu_LED_Speed                         0x08001c10   Section        0  menu.o(i.Menu_LED_Speed)
    i.Menu_Option                            0x08001c24   Section        0  menu.o(i.Menu_Option)
    i.Menu_Show                              0x08001db0   Section        0  menu.o(i.Menu_Show)
    i.NMI_Handler                            0x08001ed4   Section        0  stm32f10x_it.o(i.NMI_Handler)
    i.NVIC_Init                              0x08001ed8   Section        0  misc.o(i.NVIC_Init)
    i.NVIC_PriorityGroupConfig               0x08001f48   Section        0  misc.o(i.NVIC_PriorityGroupConfig)
    i.Numlen                                 0x08001f5c   Section        0  menu.o(i.Numlen)
    i.OLED_Clear                             0x08001f78   Section        0  oled.o(i.OLED_Clear)
    i.OLED_I2C_Init                          0x08001fa4   Section        0  oled.o(i.OLED_I2C_Init)
    i.OLED_I2C_SendByte                      0x08001ff4   Section        0  oled.o(i.OLED_I2C_SendByte)
    i.OLED_I2C_Start                         0x08002050   Section        0  oled.o(i.OLED_I2C_Start)
    i.OLED_I2C_Stop                          0x08002084   Section        0  oled.o(i.OLED_I2C_Stop)
    i.OLED_Init                              0x080020ac   Section        0  oled.o(i.OLED_Init)
    i.OLED_Pow                               0x0800215a   Section        0  oled.o(i.OLED_Pow)
    i.OLED_SetCursor                         0x0800216e   Section        0  oled.o(i.OLED_SetCursor)
    i.OLED_ShowChar                          0x08002190   Section        0  oled.o(i.OLED_ShowChar)
    i.OLED_ShowFloatNum                      0x08002204   Section        0  oled.o(i.OLED_ShowFloatNum)
    i.OLED_ShowNum                           0x08002240   Section        0  oled.o(i.OLED_ShowNum)
    i.OLED_ShowString                        0x08002284   Section        0  oled.o(i.OLED_ShowString)
    i.OLED_WriteCommand                      0x080022ac   Section        0  oled.o(i.OLED_WriteCommand)
    i.OLED_WriteData                         0x080022cc   Section        0  oled.o(i.OLED_WriteData)
    i.PendSV_Handler                         0x080022ec   Section        0  stm32f10x_it.o(i.PendSV_Handler)
    i.RCC_APB1PeriphClockCmd                 0x080022f0   Section        0  stm32f10x_rcc.o(i.RCC_APB1PeriphClockCmd)
    i.RCC_APB2PeriphClockCmd                 0x08002310   Section        0  stm32f10x_rcc.o(i.RCC_APB2PeriphClockCmd)
    i.SVC_Handler                            0x08002330   Section        0  stm32f10x_it.o(i.SVC_Handler)
    i.SetSysClock                            0x08002332   Section        0  system_stm32f10x.o(i.SetSysClock)
    SetSysClock                              0x08002333   Thumb Code     8  system_stm32f10x.o(i.SetSysClock)
    i.SetSysClockTo72                        0x0800233c   Section        0  system_stm32f10x.o(i.SetSysClockTo72)
    SetSysClockTo72                          0x0800233d   Thumb Code   214  system_stm32f10x.o(i.SetSysClockTo72)
    i.SysTick_Handler                        0x0800241c   Section        0  stm32f10x_it.o(i.SysTick_Handler)
    i.SystemInit                             0x08002420   Section        0  system_stm32f10x.o(i.SystemInit)
    i.TIM2_IRQHandler                        0x08002480   Section        0  main.o(i.TIM2_IRQHandler)
    i.TIM_ClearFlag                          0x080024a0   Section        0  stm32f10x_tim.o(i.TIM_ClearFlag)
    i.TIM_ClearITPendingBit                  0x080024a6   Section        0  stm32f10x_tim.o(i.TIM_ClearITPendingBit)
    i.TIM_Cmd                                0x080024ac   Section        0  stm32f10x_tim.o(i.TIM_Cmd)
    i.TIM_GetITStatus                        0x080024c4   Section        0  stm32f10x_tim.o(i.TIM_GetITStatus)
    i.TIM_ITConfig                           0x080024e6   Section        0  stm32f10x_tim.o(i.TIM_ITConfig)
    i.TIM_InternalClockConfig                0x080024f8   Section        0  stm32f10x_tim.o(i.TIM_InternalClockConfig)
    i.TIM_TimeBaseInit                       0x08002504   Section        0  stm32f10x_tim.o(i.TIM_TimeBaseInit)
    i.Timer_Init                             0x080025a8   Section        0  timer.o(i.Timer_Init)
    i.UsageFault_Handler                     0x08002624   Section        0  stm32f10x_it.o(i.UsageFault_Handler)
    i.__ARM_fpclassify                       0x08002628   Section        0  fpclassify.o(i.__ARM_fpclassify)
    i._is_digit                              0x08002650   Section        0  __printf_wp.o(i._is_digit)
    i.main                                   0x0800265e   Section        0  main.o(i.main)
    locale$$code                             0x080026a0   Section       44  lc_numeric_c.o(locale$$code)
    x$fpl$dretinf                            0x080026cc   Section       12  dretinf.o(x$fpl$dretinf)
    x$fpl$f2d                                0x080026d8   Section       86  f2d.o(x$fpl$f2d)
    x$fpl$fdiv                               0x08002730   Section      388  fdiv.o(x$fpl$fdiv)
    _fdiv1                                   0x08002731   Thumb Code     0  fdiv.o(x$fpl$fdiv)
    x$fpl$fflt                               0x080028b4   Section       48  fflt_clz.o(x$fpl$fflt)
    x$fpl$fnaninf                            0x080028e4   Section      140  fnaninf.o(x$fpl$fnaninf)
    x$fpl$fretinf                            0x08002970   Section       10  fretinf.o(x$fpl$fretinf)
    x$fpl$printf1                            0x0800297a   Section        4  printf1.o(x$fpl$printf1)
    .constdata                               0x0800297e   Section       18  led.o(.constdata)
    x$fpl$usenofp                            0x0800297e   Section        0  usenofp.o(x$fpl$usenofp)
    .constdata                               0x08002990   Section     1520  oled.o(.constdata)
    .constdata                               0x08002f80   Section      320  menu.o(.constdata)
    .constdata                               0x080030c0   Section      148  bigflt0.o(.constdata)
    tenpwrs_x                                0x080030c0   Data          60  bigflt0.o(.constdata)
    tenpwrs_i                                0x080030fc   Data          64  bigflt0.o(.constdata)
    .conststring                             0x08003154   Section       82  menu.o(.conststring)
    locale$$data                             0x080031c8   Section       28  lc_numeric_c.o(locale$$data)
    __lcnum_c_name                           0x080031cc   Data           2  lc_numeric_c.o(locale$$data)
    __lcnum_c_start                          0x080031d4   Data           0  lc_numeric_c.o(locale$$data)
    __lcnum_c_point                          0x080031e0   Data           0  lc_numeric_c.o(locale$$data)
    __lcnum_c_thousands                      0x080031e2   Data           0  lc_numeric_c.o(locale$$data)
    __lcnum_c_grouping                       0x080031e3   Data           0  lc_numeric_c.o(locale$$data)
    __lcnum_c_end                            0x080031e4   Data           0  lc_numeric_c.o(locale$$data)
    .data                                    0x20000000   Section       12  led.o(.data)
    Tim                                      0x20000008   Data           4  led.o(.data)
    .data                                    0x2000000c   Section       26  key.o(.data)
    Count                                    0x20000010   Data           1  key.o(.data)
    i                                        0x20000011   Data           1  key.o(.data)
    CurrState                                0x20000012   Data           4  key.o(.data)
    PrevState                                0x20000016   Data           4  key.o(.data)
    S                                        0x2000001a   Data           4  key.o(.data)
    Time                                     0x2000001e   Data           8  key.o(.data)
    .data                                    0x20000028   Section       60  menu.o(.data)
    .data                                    0x20000064   Section        2  encoder.o(.data)
    .bss                                     0x20000068   Section      320  menu.o(.bss)
    .bss                                     0x200001a8   Section       96  libspace.o(.bss)
    HEAP                                     0x20000208   Section      512  startup_stm32f10x_md.o(HEAP)
    Heap_Mem                                 0x20000208   Data         512  startup_stm32f10x_md.o(HEAP)
    STACK                                    0x20000408   Section     1024  startup_stm32f10x_md.o(STACK)
    Stack_Mem                                0x20000408   Data        1024  startup_stm32f10x_md.o(STACK)
    __initial_sp                             0x20000808   Data           0  startup_stm32f10x_md.o(STACK)

    Global Symbols

    Symbol Name                              Value     Ov Type        Size  Object(Section)

    BuildAttributes$$THM_ISAv4$P$D$K$B$S$PE$A:L22UL41UL21$X:L11$S22US41US21$IEEE1$IW$USESV6$~STKCKD$USESV7$~SHL$OTIME$ROPI$IEEEJ$EBA8$UX$STANDARDLIB$REQ8$PRES8$EABIv2 0x00000000   Number         0  anon$$obj.o ABSOLUTE
    __ARM_use_no_argv                        0x00000000   Number         0  main.o ABSOLUTE
    _printf_flags                            0x00000000   Number         0  printf_stubs.o ABSOLUTE
    _printf_return_value                     0x00000000   Number         0  printf_stubs.o ABSOLUTE
    _printf_sizespec                         0x00000000   Number         0  printf_stubs.o ABSOLUTE
    _printf_widthprec                        0x00000000   Number         0  printf_stubs.o ABSOLUTE
    __ARM_exceptions_init                     - Undefined Weak Reference
    __alloca_initialize                       - Undefined Weak Reference
    __arm_preinit_                            - Undefined Weak Reference
    __cpp_initialize__aeabi_                  - Undefined Weak Reference
    __cxa_finalize                            - Undefined Weak Reference
    __sigvec_lookup                           - Undefined Weak Reference
    _atexit_init                              - Undefined Weak Reference
    _call_atexit_fns                          - Undefined Weak Reference
    _clock_init                               - Undefined Weak Reference
    _fp_trap_init                             - Undefined Weak Reference
    _fp_trap_shutdown                         - Undefined Weak Reference
    _get_lc_collate                           - Undefined Weak Reference
    _get_lc_ctype                             - Undefined Weak Reference
    _get_lc_monetary                          - Undefined Weak Reference
    _get_lc_time                              - Undefined Weak Reference
    _getenv_init                              - Undefined Weak Reference
    _handle_redirection                       - Undefined Weak Reference
    _init_alloc                               - Undefined Weak Reference
    _init_user_alloc                          - Undefined Weak Reference
    _initio                                   - Undefined Weak Reference
    _printf_post_padding                      - Undefined Weak Reference
    _printf_pre_padding                       - Undefined Weak Reference
    _rand_init                                - Undefined Weak Reference
    _signal_finish                            - Undefined Weak Reference
    _signal_init                              - Undefined Weak Reference
    _terminate_alloc                          - Undefined Weak Reference
    _terminate_user_alloc                     - Undefined Weak Reference
    _terminateio                              - Undefined Weak Reference
    __Vectors_Size                           0x000000ec   Number         0  startup_stm32f10x_md.o ABSOLUTE
    __Vectors                                0x08000000   Data           4  startup_stm32f10x_md.o(RESET)
    __Vectors_End                            0x080000ec   Data           0  startup_stm32f10x_md.o(RESET)
    __main                                   0x080000ed   Thumb Code     8  __main.o(!!!main)
    __scatterload                            0x080000f5   Thumb Code     0  __scatter.o(!!!scatter)
    __scatterload_rt2                        0x080000f5   Thumb Code    44  __scatter.o(!!!scatter)
    __scatterload_rt2_thumb_only             0x080000f5   Thumb Code     0  __scatter.o(!!!scatter)
    __scatterload_null                       0x08000103   Thumb Code     0  __scatter.o(!!!scatter)
    __scatterload_copy                       0x08000129   Thumb Code    26  __scatter_copy.o(!!handler_copy)
    __scatterload_zeroinit                   0x08000145   Thumb Code    28  __scatter_zi.o(!!handler_zi)
    _printf_f                                0x08000161   Thumb Code     0  _printf_f.o(.ARM.Collect$$_printf_percent$$00000003)
    _printf_percent                          0x08000161   Thumb Code     0  _printf_percent.o(.ARM.Collect$$_printf_percent$$00000000)
    _printf_percent_end                      0x08000167   Thumb Code     0  _printf_percent_end.o(.ARM.Collect$$_printf_percent$$00000017)
    __rt_lib_init                            0x0800016b   Thumb Code     0  libinit.o(.ARM.Collect$$libinit$$00000000)
    __rt_lib_init_fp_1                       0x0800016d   Thumb Code     0  libinit2.o(.ARM.Collect$$libinit$$00000002)
    __rt_lib_init_heap_1                     0x0800016d   Thumb Code     0  libinit2.o(.ARM.Collect$$libinit$$0000000A)
    __rt_lib_init_lc_common                  0x0800016d   Thumb Code     0  libinit2.o(.ARM.Collect$$libinit$$0000000F)
    __rt_lib_init_preinit_1                  0x0800016d   Thumb Code     0  libinit2.o(.ARM.Collect$$libinit$$00000004)
    __rt_lib_init_rand_1                     0x0800016d   Thumb Code     0  libinit2.o(.ARM.Collect$$libinit$$0000000E)
    __rt_lib_init_user_alloc_1               0x0800016d   Thumb Code     0  libinit2.o(.ARM.Collect$$libinit$$0000000C)
    __rt_lib_init_lc_collate_1               0x08000173   Thumb Code     0  libinit2.o(.ARM.Collect$$libinit$$00000011)
    __rt_lib_init_lc_ctype_1                 0x08000173   Thumb Code     0  libinit2.o(.ARM.Collect$$libinit$$00000013)
    __rt_lib_init_lc_monetary_1              0x08000173   Thumb Code     0  libinit2.o(.ARM.Collect$$libinit$$00000015)
    __rt_lib_init_lc_numeric_2               0x08000173   Thumb Code     0  libinit2.o(.ARM.Collect$$libinit$$00000016)
    __rt_lib_init_alloca_1                   0x0800017d   Thumb Code     0  libinit2.o(.ARM.Collect$$libinit$$0000002E)
    __rt_lib_init_argv_1                     0x0800017d   Thumb Code     0  libinit2.o(.ARM.Collect$$libinit$$0000002C)
    __rt_lib_init_atexit_1                   0x0800017d   Thumb Code     0  libinit2.o(.ARM.Collect$$libinit$$0000001B)
    __rt_lib_init_clock_1                    0x0800017d   Thumb Code     0  libinit2.o(.ARM.Collect$$libinit$$00000021)
    __rt_lib_init_cpp_1                      0x0800017d   Thumb Code     0  libinit2.o(.ARM.Collect$$libinit$$00000032)
    __rt_lib_init_exceptions_1               0x0800017d   Thumb Code     0  libinit2.o(.ARM.Collect$$libinit$$00000030)
    __rt_lib_init_fp_trap_1                  0x0800017d   Thumb Code     0  libinit2.o(.ARM.Collect$$libinit$$0000001F)
    __rt_lib_init_getenv_1                   0x0800017d   Thumb Code     0  libinit2.o(.ARM.Collect$$libinit$$00000023)
    __rt_lib_init_lc_numeric_1               0x0800017d   Thumb Code     0  libinit2.o(.ARM.Collect$$libinit$$00000017)
    __rt_lib_init_lc_time_1                  0x0800017d   Thumb Code     0  libinit2.o(.ARM.Collect$$libinit$$00000019)
    __rt_lib_init_return                     0x0800017d   Thumb Code     0  libinit2.o(.ARM.Collect$$libinit$$00000033)
    __rt_lib_init_signal_1                   0x0800017d   Thumb Code     0  libinit2.o(.ARM.Collect$$libinit$$0000001D)
    __rt_lib_init_stdio_1                    0x0800017d   Thumb Code     0  libinit2.o(.ARM.Collect$$libinit$$00000025)
    __rt_lib_shutdown                        0x0800017f   Thumb Code     0  libshutdown.o(.ARM.Collect$$libshutdown$$00000000)
    __rt_lib_shutdown_cpp_1                  0x08000181   Thumb Code     0  libshutdown2.o(.ARM.Collect$$libshutdown$$00000002)
    __rt_lib_shutdown_fp_trap_1              0x08000181   Thumb Code     0  libshutdown2.o(.ARM.Collect$$libshutdown$$00000007)
    __rt_lib_shutdown_heap_1                 0x08000181   Thumb Code     0  libshutdown2.o(.ARM.Collect$$libshutdown$$0000000F)
    __rt_lib_shutdown_return                 0x08000181   Thumb Code     0  libshutdown2.o(.ARM.Collect$$libshutdown$$00000010)
    __rt_lib_shutdown_signal_1               0x08000181   Thumb Code     0  libshutdown2.o(.ARM.Collect$$libshutdown$$0000000A)
    __rt_lib_shutdown_stdio_1                0x08000181   Thumb Code     0  libshutdown2.o(.ARM.Collect$$libshutdown$$00000004)
    __rt_lib_shutdown_user_alloc_1           0x08000181   Thumb Code     0  libshutdown2.o(.ARM.Collect$$libshutdown$$0000000C)
    __rt_entry                               0x08000183   Thumb Code     0  __rtentry.o(.ARM.Collect$$rtentry$$00000000)
    __rt_entry_presh_1                       0x08000183   Thumb Code     0  __rtentry2.o(.ARM.Collect$$rtentry$$00000002)
    __rt_entry_sh                            0x08000183   Thumb Code     0  __rtentry4.o(.ARM.Collect$$rtentry$$00000004)
    __rt_entry_li                            0x08000189   Thumb Code     0  __rtentry2.o(.ARM.Collect$$rtentry$$0000000A)
    __rt_entry_postsh_1                      0x08000189   Thumb Code     0  __rtentry2.o(.ARM.Collect$$rtentry$$00000009)
    __rt_entry_main                          0x0800018d   Thumb Code     0  __rtentry2.o(.ARM.Collect$$rtentry$$0000000D)
    __rt_entry_postli_1                      0x0800018d   Thumb Code     0  __rtentry2.o(.ARM.Collect$$rtentry$$0000000C)
    __rt_exit                                0x08000195   Thumb Code     0  rtexit.o(.ARM.Collect$$rtexit$$00000000)
    __rt_exit_ls                             0x08000197   Thumb Code     0  rtexit2.o(.ARM.Collect$$rtexit$$00000003)
    __rt_exit_prels_1                        0x08000197   Thumb Code     0  rtexit2.o(.ARM.Collect$$rtexit$$00000002)
    __rt_exit_exit                           0x0800019b   Thumb Code     0  rtexit2.o(.ARM.Collect$$rtexit$$00000004)
    Reset_Handler                            0x080001a1   Thumb Code     8  startup_stm32f10x_md.o(.text)
    ADC1_2_IRQHandler                        0x080001bb   Thumb Code     0  startup_stm32f10x_md.o(.text)
    CAN1_RX1_IRQHandler                      0x080001bb   Thumb Code     0  startup_stm32f10x_md.o(.text)
    CAN1_SCE_IRQHandler                      0x080001bb   Thumb Code     0  startup_stm32f10x_md.o(.text)
    DMA1_Channel1_IRQHandler                 0x080001bb   Thumb Code     0  startup_stm32f10x_md.o(.text)
    DMA1_Channel2_IRQHandler                 0x080001bb   Thumb Code     0  startup_stm32f10x_md.o(.text)
    DMA1_Channel3_IRQHandler                 0x080001bb   Thumb Code     0  startup_stm32f10x_md.o(.text)
    DMA1_Channel4_IRQHandler                 0x080001bb   Thumb Code     0  startup_stm32f10x_md.o(.text)
    DMA1_Channel5_IRQHandler                 0x080001bb   Thumb Code     0  startup_stm32f10x_md.o(.text)
    DMA1_Channel6_IRQHandler                 0x080001bb   Thumb Code     0  startup_stm32f10x_md.o(.text)
    DMA1_Channel7_IRQHandler                 0x080001bb   Thumb Code     0  startup_stm32f10x_md.o(.text)
    EXTI15_10_IRQHandler                     0x080001bb   Thumb Code     0  startup_stm32f10x_md.o(.text)
    EXTI2_IRQHandler                         0x080001bb   Thumb Code     0  startup_stm32f10x_md.o(.text)
    EXTI3_IRQHandler                         0x080001bb   Thumb Code     0  startup_stm32f10x_md.o(.text)
    EXTI4_IRQHandler                         0x080001bb   Thumb Code     0  startup_stm32f10x_md.o(.text)
    EXTI9_5_IRQHandler                       0x080001bb   Thumb Code     0  startup_stm32f10x_md.o(.text)
    FLASH_IRQHandler                         0x080001bb   Thumb Code     0  startup_stm32f10x_md.o(.text)
    I2C1_ER_IRQHandler                       0x080001bb   Thumb Code     0  startup_stm32f10x_md.o(.text)
    I2C1_EV_IRQHandler                       0x080001bb   Thumb Code     0  startup_stm32f10x_md.o(.text)
    I2C2_ER_IRQHandler                       0x080001bb   Thumb Code     0  startup_stm32f10x_md.o(.text)
    I2C2_EV_IRQHandler                       0x080001bb   Thumb Code     0  startup_stm32f10x_md.o(.text)
    PVD_IRQHandler                           0x080001bb   Thumb Code     0  startup_stm32f10x_md.o(.text)
    RCC_IRQHandler                           0x080001bb   Thumb Code     0  startup_stm32f10x_md.o(.text)
    RTCAlarm_IRQHandler                      0x080001bb   Thumb Code     0  startup_stm32f10x_md.o(.text)
    RTC_IRQHandler                           0x080001bb   Thumb Code     0  startup_stm32f10x_md.o(.text)
    SPI1_IRQHandler                          0x080001bb   Thumb Code     0  startup_stm32f10x_md.o(.text)
    SPI2_IRQHandler                          0x080001bb   Thumb Code     0  startup_stm32f10x_md.o(.text)
    TAMPER_IRQHandler                        0x080001bb   Thumb Code     0  startup_stm32f10x_md.o(.text)
    TIM1_BRK_IRQHandler                      0x080001bb   Thumb Code     0  startup_stm32f10x_md.o(.text)
    TIM1_CC_IRQHandler                       0x080001bb   Thumb Code     0  startup_stm32f10x_md.o(.text)
    TIM1_TRG_COM_IRQHandler                  0x080001bb   Thumb Code     0  startup_stm32f10x_md.o(.text)
    TIM1_UP_IRQHandler                       0x080001bb   Thumb Code     0  startup_stm32f10x_md.o(.text)
    TIM3_IRQHandler                          0x080001bb   Thumb Code     0  startup_stm32f10x_md.o(.text)
    TIM4_IRQHandler                          0x080001bb   Thumb Code     0  startup_stm32f10x_md.o(.text)
    USART1_IRQHandler                        0x080001bb   Thumb Code     0  startup_stm32f10x_md.o(.text)
    USART2_IRQHandler                        0x080001bb   Thumb Code     0  startup_stm32f10x_md.o(.text)
    USART3_IRQHandler                        0x080001bb   Thumb Code     0  startup_stm32f10x_md.o(.text)
    USBWakeUp_IRQHandler                     0x080001bb   Thumb Code     0  startup_stm32f10x_md.o(.text)
    USB_HP_CAN1_TX_IRQHandler                0x080001bb   Thumb Code     0  startup_stm32f10x_md.o(.text)
    USB_LP_CAN1_RX0_IRQHandler               0x080001bb   Thumb Code     0  startup_stm32f10x_md.o(.text)
    WWDG_IRQHandler                          0x080001bb   Thumb Code     0  startup_stm32f10x_md.o(.text)
    __user_initial_stackheap                 0x080001bd   Thumb Code     0  startup_stm32f10x_md.o(.text)
    __2sprintf                               0x080001e1   Thumb Code    34  noretval__2sprintf.o(.text)
    __printf                                 0x08000209   Thumb Code   270  __printf_wp.o(.text)
    __aeabi_memcpy4                          0x08000317   Thumb Code     0  rt_memcpy_w.o(.text)
    __aeabi_memcpy8                          0x08000317   Thumb Code     0  rt_memcpy_w.o(.text)
    __rt_memcpy_w                            0x08000317   Thumb Code   100  rt_memcpy_w.o(.text)
    _memcpy_lastbytes_aligned                0x0800035f   Thumb Code     0  rt_memcpy_w.o(.text)
    strcmp                                   0x0800037d   Thumb Code   128  strcmpv7m.o(.text)
    __use_two_region_memory                  0x080003fd   Thumb Code     2  heapauxi.o(.text)
    __rt_heap_escrow$2region                 0x080003ff   Thumb Code     2  heapauxi.o(.text)
    __rt_heap_expand$2region                 0x08000401   Thumb Code     2  heapauxi.o(.text)
    __lib_sel_fp_printf                      0x08000403   Thumb Code     2  _printf_fp_dec.o(.text)
    _printf_fp_dec_real                      0x080005b5   Thumb Code   620  _printf_fp_dec.o(.text)
    _printf_char_common                      0x0800082b   Thumb Code    32  _printf_char_common.o(.text)
    _sputc                                   0x08000851   Thumb Code    10  _sputc.o(.text)
    __rt_locale                              0x0800085d   Thumb Code     8  rt_locale_intlibspace.o(.text)
    _ll_udiv10                               0x08000865   Thumb Code   138  lludiv10.o(.text)
    _printf_fp_infnan                        0x080008f1   Thumb Code   112  _printf_fp_infnan.o(.text)
    _btod_etento                             0x08000971   Thumb Code   224  bigflt0.o(.text)
    __user_libspace                          0x08000a55   Thumb Code     8  libspace.o(.text)
    __user_perproc_libspace                  0x08000a55   Thumb Code     0  libspace.o(.text)
    __user_perthread_libspace                0x08000a55   Thumb Code     0  libspace.o(.text)
    __user_setup_stackheap                   0x08000a5d   Thumb Code    74  sys_stackheap_outer.o(.text)
    exit                                     0x08000aa7   Thumb Code    18  exit.o(.text)
    _sys_exit                                0x08000ab9   Thumb Code     8  sys_exit.o(.text)
    __I$use$semihosting                      0x08000ac5   Thumb Code     0  use_no_semi.o(.text)
    __use_no_semihosting_swi                 0x08000ac5   Thumb Code     2  use_no_semi.o(.text)
    __semihosting_library_function           0x08000ac7   Thumb Code     0  indicate_semi.o(.text)
    _btod_d2e                                0x08000ac7   Thumb Code    62  btod.o(CL$$btod_d2e)
    _d2e_denorm_low                          0x08000b05   Thumb Code    70  btod.o(CL$$btod_d2e_denorm_low)
    _d2e_norm_op1                            0x08000b4b   Thumb Code    96  btod.o(CL$$btod_d2e_norm_op1)
    __btod_div_common                        0x08000bab   Thumb Code   696  btod.o(CL$$btod_div_common)
    _e2e                                     0x08000ee3   Thumb Code   220  btod.o(CL$$btod_e2e)
    _btod_ediv                               0x08000fbf   Thumb Code    42  btod.o(CL$$btod_ediv)
    _btod_emul                               0x08000fe9   Thumb Code    42  btod.o(CL$$btod_emul)
    __btod_mult_common                       0x08001013   Thumb Code   580  btod.o(CL$$btod_mult_common)
    BusFault_Handler                         0x08001257   Thumb Code     4  stm32f10x_it.o(i.BusFault_Handler)
    DebugMon_Handler                         0x0800125b   Thumb Code     2  stm32f10x_it.o(i.DebugMon_Handler)
    EXTI0_IRQHandler                         0x0800125d   Thumb Code    52  encoder.o(i.EXTI0_IRQHandler)
    EXTI1_IRQHandler                         0x08001299   Thumb Code    52  encoder.o(i.EXTI1_IRQHandler)
    EXTI_ClearITPendingBit                   0x080012d5   Thumb Code     6  stm32f10x_exti.o(i.EXTI_ClearITPendingBit)
    EXTI_GetITStatus                         0x080012e1   Thumb Code    34  stm32f10x_exti.o(i.EXTI_GetITStatus)
    EXTI_Init                                0x08001309   Thumb Code   142  stm32f10x_exti.o(i.EXTI_Init)
    Encoder_Get                              0x0800139d   Thumb Code    14  encoder.o(i.Encoder_Get)
    Encoder_Init                             0x080013b1   Thumb Code   150  encoder.o(i.Encoder_Init)
    FloodLED_LeftTurn                        0x0800144d   Thumb Code    86  led.o(i.FloodLED_LeftTurn)
    FloodLED_RightTurn                       0x080014ad   Thumb Code    86  led.o(i.FloodLED_RightTurn)
    GPIO_EXTILineConfig                      0x0800150d   Thumb Code    60  stm32f10x_gpio.o(i.GPIO_EXTILineConfig)
    GPIO_Init                                0x0800154d   Thumb Code   278  stm32f10x_gpio.o(i.GPIO_Init)
    GPIO_ReadInputDataBit                    0x08001663   Thumb Code    18  stm32f10x_gpio.o(i.GPIO_ReadInputDataBit)
    GPIO_SetBits                             0x08001675   Thumb Code     4  stm32f10x_gpio.o(i.GPIO_SetBits)
    GPIO_WriteBit                            0x08001679   Thumb Code    10  stm32f10x_gpio.o(i.GPIO_WriteBit)
    HardFault_Handler                        0x08001683   Thumb Code     4  stm32f10x_it.o(i.HardFault_Handler)
    Key_Check                                0x08001689   Thumb Code    32  key.o(i.Key_Check)
    Key_GetNum                               0x080016ad   Thumb Code    62  key.o(i.Key_GetNum)
    Key_GetState                             0x080016ed   Thumb Code    80  key.o(i.Key_GetState)
    Key_Init                                 0x08001745   Thumb Code    74  key.o(i.Key_Init)
    Key_Tick                                 0x08001799   Thumb Code   660  key.o(i.Key_Tick)
    LED_DirSet                               0x08001a49   Thumb Code     6  led.o(i.LED_DirSet)
    LED_Init                                 0x08001a55   Thumb Code    50  led.o(i.LED_Init)
    LED_SpeedSet                             0x08001a8d   Thumb Code    12  led.o(i.LED_SpeedSet)
    LED_Tick                                 0x08001aa1   Thumb Code    48  led.o(i.LED_Tick)
    MemManage_Handler                        0x08001add   Thumb Code     4  stm32f10x_it.o(i.MemManage_Handler)
    Menu_Init                                0x08001ae1   Thumb Code   230  menu.o(i.Menu_Init)
    Menu_LED_Direction                       0x08001bfd   Thumb Code    14  menu.o(i.Menu_LED_Direction)
    Menu_LED_Speed                           0x08001c11   Thumb Code    14  menu.o(i.Menu_LED_Speed)
    Menu_Option                              0x08001c25   Thumb Code   382  menu.o(i.Menu_Option)
    Menu_Show                                0x08001db1   Thumb Code   266  menu.o(i.Menu_Show)
    NMI_Handler                              0x08001ed5   Thumb Code     2  stm32f10x_it.o(i.NMI_Handler)
    NVIC_Init                                0x08001ed9   Thumb Code   100  misc.o(i.NVIC_Init)
    NVIC_PriorityGroupConfig                 0x08001f49   Thumb Code    10  misc.o(i.NVIC_PriorityGroupConfig)
    Numlen                                   0x08001f5d   Thumb Code    28  menu.o(i.Numlen)
    OLED_Clear                               0x08001f79   Thumb Code    42  oled.o(i.OLED_Clear)
    OLED_I2C_Init                            0x08001fa5   Thumb Code    76  oled.o(i.OLED_I2C_Init)
    OLED_I2C_SendByte                        0x08001ff5   Thumb Code    88  oled.o(i.OLED_I2C_SendByte)
    OLED_I2C_Start                           0x08002051   Thumb Code    48  oled.o(i.OLED_I2C_Start)
    OLED_I2C_Stop                            0x08002085   Thumb Code    36  oled.o(i.OLED_I2C_Stop)
    OLED_Init                                0x080020ad   Thumb Code   174  oled.o(i.OLED_Init)
    OLED_Pow                                 0x0800215b   Thumb Code    20  oled.o(i.OLED_Pow)
    OLED_SetCursor                           0x0800216f   Thumb Code    34  oled.o(i.OLED_SetCursor)
    OLED_ShowChar                            0x08002191   Thumb Code   110  oled.o(i.OLED_ShowChar)
    OLED_ShowFloatNum                        0x08002205   Thumb Code    50  oled.o(i.OLED_ShowFloatNum)
    OLED_ShowNum                             0x08002241   Thumb Code    68  oled.o(i.OLED_ShowNum)
    OLED_ShowString                          0x08002285   Thumb Code    40  oled.o(i.OLED_ShowString)
    OLED_WriteCommand                        0x080022ad   Thumb Code    32  oled.o(i.OLED_WriteCommand)
    OLED_WriteData                           0x080022cd   Thumb Code    32  oled.o(i.OLED_WriteData)
    PendSV_Handler                           0x080022ed   Thumb Code     2  stm32f10x_it.o(i.PendSV_Handler)
    RCC_APB1PeriphClockCmd                   0x080022f1   Thumb Code    26  stm32f10x_rcc.o(i.RCC_APB1PeriphClockCmd)
    RCC_APB2PeriphClockCmd                   0x08002311   Thumb Code    26  stm32f10x_rcc.o(i.RCC_APB2PeriphClockCmd)
    SVC_Handler                              0x08002331   Thumb Code     2  stm32f10x_it.o(i.SVC_Handler)
    SysTick_Handler                          0x0800241d   Thumb Code     2  stm32f10x_it.o(i.SysTick_Handler)
    SystemInit                               0x08002421   Thumb Code    78  system_stm32f10x.o(i.SystemInit)
    TIM2_IRQHandler                          0x08002481   Thumb Code    32  main.o(i.TIM2_IRQHandler)
    TIM_ClearFlag                            0x080024a1   Thumb Code     6  stm32f10x_tim.o(i.TIM_ClearFlag)
    TIM_ClearITPendingBit                    0x080024a7   Thumb Code     6  stm32f10x_tim.o(i.TIM_ClearITPendingBit)
    TIM_Cmd                                  0x080024ad   Thumb Code    24  stm32f10x_tim.o(i.TIM_Cmd)
    TIM_GetITStatus                          0x080024c5   Thumb Code    34  stm32f10x_tim.o(i.TIM_GetITStatus)
    TIM_ITConfig                             0x080024e7   Thumb Code    18  stm32f10x_tim.o(i.TIM_ITConfig)
    TIM_InternalClockConfig                  0x080024f9   Thumb Code    12  stm32f10x_tim.o(i.TIM_InternalClockConfig)
    TIM_TimeBaseInit                         0x08002505   Thumb Code   122  stm32f10x_tim.o(i.TIM_TimeBaseInit)
    Timer_Init                               0x080025a9   Thumb Code   124  timer.o(i.Timer_Init)
    UsageFault_Handler                       0x08002625   Thumb Code     4  stm32f10x_it.o(i.UsageFault_Handler)
    __ARM_fpclassify                         0x08002629   Thumb Code    40  fpclassify.o(i.__ARM_fpclassify)
    _is_digit                                0x08002651   Thumb Code    14  __printf_wp.o(i._is_digit)
    main                                     0x0800265f   Thumb Code    66  main.o(i.main)
    _get_lc_numeric                          0x080026a1   Thumb Code    44  lc_numeric_c.o(locale$$code)
    __fpl_dretinf                            0x080026cd   Thumb Code    12  dretinf.o(x$fpl$dretinf)
    __aeabi_f2d                              0x080026d9   Thumb Code     0  f2d.o(x$fpl$f2d)
    _f2d                                     0x080026d9   Thumb Code    86  f2d.o(x$fpl$f2d)
    __aeabi_fdiv                             0x08002731   Thumb Code     0  fdiv.o(x$fpl$fdiv)
    _fdiv                                    0x08002731   Thumb Code   384  fdiv.o(x$fpl$fdiv)
    __aeabi_i2f                              0x080028b5   Thumb Code     0  fflt_clz.o(x$fpl$fflt)
    _fflt                                    0x080028b5   Thumb Code    48  fflt_clz.o(x$fpl$fflt)
    __fpl_fnaninf                            0x080028e5   Thumb Code   140  fnaninf.o(x$fpl$fnaninf)
    __fpl_fretinf                            0x08002971   Thumb Code    10  fretinf.o(x$fpl$fretinf)
    _printf_fp_dec                           0x0800297b   Thumb Code     4  printf1.o(x$fpl$printf1)
    FloodLED_Total                           0x0800297e   Data           2  led.o(.constdata)
    __I$use$fp                               0x0800297e   Number         0  usenofp.o(x$fpl$usenofp)
    FloodLED                                 0x08002980   Data           8  led.o(.constdata)
    LED_Speed_Total                          0x08002988   Data           2  led.o(.constdata)
    LED_Speed_Option                         0x0800298a   Data           6  led.o(.constdata)
    OLED_F8x16                               0x08002990   Data        1520  oled.o(.constdata)
    Region$$Table$$Base                      0x080031a8   Number         0  anon$$obj.o(Region$$Table)
    Region$$Table$$Limit                     0x080031c8   Number         0  anon$$obj.o(Region$$Table)
    Period                                   0x20000000   Data           4  led.o(.data)
    LEDStatus                                0x20000004   Data           1  led.o(.data)
    Key_Flag                                 0x2000000c   Data           4  key.o(.data)
    cur                                      0x20000028   Data           4  menu.o(.data)
    main_Menu_sons                           0x2000002c   Data          16  menu.o(.data)
    LED_Control_sons                         0x2000003c   Data           8  menu.o(.data)
    PID_sons                                 0x20000044   Data          12  menu.o(.data)
    Image_sons                               0x20000050   Data           4  menu.o(.data)
    Angle_sons                               0x20000054   Data           4  menu.o(.data)
    Mode_Name                                0x20000058   Data           8  menu.o(.data)
    modeIndex                                0x20000060   Data           4  menu.o(.data)
    Encoder_Count                            0x20000064   Data           2  encoder.o(.data)
    main_Menu                                0x20000068   Data          32  menu.o(.bss)
    LED_Control                              0x20000088   Data          32  menu.o(.bss)
    Image                                    0x200000a8   Data          32  menu.o(.bss)
    PID                                      0x200000c8   Data          32  menu.o(.bss)
    LED_Speed                                0x200000e8   Data          32  menu.o(.bss)
    LED_Direction                            0x20000108   Data          32  menu.o(.bss)
    Angle                                    0x20000128   Data          32  menu.o(.bss)
    Set_KP                                   0x20000148   Data          32  menu.o(.bss)
    Set_KI                                   0x20000168   Data          32  menu.o(.bss)
    Set_KD                                   0x20000188   Data          32  menu.o(.bss)
    __libspace_start                         0x200001a8   Data          96  libspace.o(.bss)
    __temporary_stack_top$libspace           0x20000208   Data           0  libspace.o(.bss)



==============================================================================

Memory Map of the image

  Image Entry point : 0x080000ed

  Load Region LR_IROM1 (Base: 0x08000000, Size: 0x0000324c, Max: 0x00010000, ABSOLUTE)

    Execution Region ER_IROM1 (Exec base: 0x08000000, Load base: 0x08000000, Size: 0x000031e4, Max: 0x00010000, ABSOLUTE)

    Exec Addr    Load Addr    Size         Type   Attr      Idx    E Section Name        Object

    0x08000000   0x08000000   0x000000ec   Data   RO            3    RESET               startup_stm32f10x_md.o
    0x080000ec   0x080000ec   0x00000008   Code   RO         3777  * !!!main             c_w.l(__main.o)
    0x080000f4   0x080000f4   0x00000034   Code   RO         4005    !!!scatter          c_w.l(__scatter.o)
    0x08000128   0x08000128   0x0000001a   Code   RO         4007    !!handler_copy      c_w.l(__scatter_copy.o)
    0x08000142   0x08000142   0x00000002   PAD
    0x08000144   0x08000144   0x0000001c   Code   RO         4009    !!handler_zi        c_w.l(__scatter_zi.o)
    0x08000160   0x08000160   0x00000000   Code   RO         3770    .ARM.Collect$$_printf_percent$$00000000  c_w.l(_printf_percent.o)
    0x08000160   0x08000160   0x00000006   Code   RO         3769    .ARM.Collect$$_printf_percent$$00000003  c_w.l(_printf_f.o)
    0x08000166   0x08000166   0x00000004   Code   RO         3800    .ARM.Collect$$_printf_percent$$00000017  c_w.l(_printf_percent_end.o)
    0x0800016a   0x0800016a   0x00000002   Code   RO         3878    .ARM.Collect$$libinit$$00000000  c_w.l(libinit.o)
    0x0800016c   0x0800016c   0x00000000   Code   RO         3880    .ARM.Collect$$libinit$$00000002  c_w.l(libinit2.o)
    0x0800016c   0x0800016c   0x00000000   Code   RO         3882    .ARM.Collect$$libinit$$00000004  c_w.l(libinit2.o)
    0x0800016c   0x0800016c   0x00000000   Code   RO         3885    .ARM.Collect$$libinit$$0000000A  c_w.l(libinit2.o)
    0x0800016c   0x0800016c   0x00000000   Code   RO         3887    .ARM.Collect$$libinit$$0000000C  c_w.l(libinit2.o)
    0x0800016c   0x0800016c   0x00000000   Code   RO         3889    .ARM.Collect$$libinit$$0000000E  c_w.l(libinit2.o)
    0x0800016c   0x0800016c   0x00000006   Code   RO         3890    .ARM.Collect$$libinit$$0000000F  c_w.l(libinit2.o)
    0x08000172   0x08000172   0x00000000   Code   RO         3892    .ARM.Collect$$libinit$$00000011  c_w.l(libinit2.o)
    0x08000172   0x08000172   0x00000000   Code   RO         3894    .ARM.Collect$$libinit$$00000013  c_w.l(libinit2.o)
    0x08000172   0x08000172   0x00000000   Code   RO         3896    .ARM.Collect$$libinit$$00000015  c_w.l(libinit2.o)
    0x08000172   0x08000172   0x0000000a   Code   RO         3897    .ARM.Collect$$libinit$$00000016  c_w.l(libinit2.o)
    0x0800017c   0x0800017c   0x00000000   Code   RO         3898    .ARM.Collect$$libinit$$00000017  c_w.l(libinit2.o)
    0x0800017c   0x0800017c   0x00000000   Code   RO         3900    .ARM.Collect$$libinit$$00000019  c_w.l(libinit2.o)
    0x0800017c   0x0800017c   0x00000000   Code   RO         3902    .ARM.Collect$$libinit$$0000001B  c_w.l(libinit2.o)
    0x0800017c   0x0800017c   0x00000000   Code   RO         3904    .ARM.Collect$$libinit$$0000001D  c_w.l(libinit2.o)
    0x0800017c   0x0800017c   0x00000000   Code   RO         3906    .ARM.Collect$$libinit$$0000001F  c_w.l(libinit2.o)
    0x0800017c   0x0800017c   0x00000000   Code   RO         3908    .ARM.Collect$$libinit$$00000021  c_w.l(libinit2.o)
    0x0800017c   0x0800017c   0x00000000   Code   RO         3910    .ARM.Collect$$libinit$$00000023  c_w.l(libinit2.o)
    0x0800017c   0x0800017c   0x00000000   Code   RO         3912    .ARM.Collect$$libinit$$00000025  c_w.l(libinit2.o)
    0x0800017c   0x0800017c   0x00000000   Code   RO         3916    .ARM.Collect$$libinit$$0000002C  c_w.l(libinit2.o)
    0x0800017c   0x0800017c   0x00000000   Code   RO         3918    .ARM.Collect$$libinit$$0000002E  c_w.l(libinit2.o)
    0x0800017c   0x0800017c   0x00000000   Code   RO         3920    .ARM.Collect$$libinit$$00000030  c_w.l(libinit2.o)
    0x0800017c   0x0800017c   0x00000000   Code   RO         3922    .ARM.Collect$$libinit$$00000032  c_w.l(libinit2.o)
    0x0800017c   0x0800017c   0x00000002   Code   RO         3923    .ARM.Collect$$libinit$$00000033  c_w.l(libinit2.o)
    0x0800017e   0x0800017e   0x00000002   Code   RO         3953    .ARM.Collect$$libshutdown$$00000000  c_w.l(libshutdown.o)
    0x08000180   0x08000180   0x00000000   Code   RO         3964    .ARM.Collect$$libshutdown$$00000002  c_w.l(libshutdown2.o)
    0x08000180   0x08000180   0x00000000   Code   RO         3966    .ARM.Collect$$libshutdown$$00000004  c_w.l(libshutdown2.o)
    0x08000180   0x08000180   0x00000000   Code   RO         3969    .ARM.Collect$$libshutdown$$00000007  c_w.l(libshutdown2.o)
    0x08000180   0x08000180   0x00000000   Code   RO         3972    .ARM.Collect$$libshutdown$$0000000A  c_w.l(libshutdown2.o)
    0x08000180   0x08000180   0x00000000   Code   RO         3974    .ARM.Collect$$libshutdown$$0000000C  c_w.l(libshutdown2.o)
    0x08000180   0x08000180   0x00000000   Code   RO         3977    .ARM.Collect$$libshutdown$$0000000F  c_w.l(libshutdown2.o)
    0x08000180   0x08000180   0x00000002   Code   RO         3978    .ARM.Collect$$libshutdown$$00000010  c_w.l(libshutdown2.o)
    0x08000182   0x08000182   0x00000000   Code   RO         3793    .ARM.Collect$$rtentry$$00000000  c_w.l(__rtentry.o)
    0x08000182   0x08000182   0x00000000   Code   RO         3809    .ARM.Collect$$rtentry$$00000002  c_w.l(__rtentry2.o)
    0x08000182   0x08000182   0x00000006   Code   RO         3821    .ARM.Collect$$rtentry$$00000004  c_w.l(__rtentry4.o)
    0x08000188   0x08000188   0x00000000   Code   RO         3811    .ARM.Collect$$rtentry$$00000009  c_w.l(__rtentry2.o)
    0x08000188   0x08000188   0x00000004   Code   RO         3812    .ARM.Collect$$rtentry$$0000000A  c_w.l(__rtentry2.o)
    0x0800018c   0x0800018c   0x00000000   Code   RO         3814    .ARM.Collect$$rtentry$$0000000C  c_w.l(__rtentry2.o)
    0x0800018c   0x0800018c   0x00000008   Code   RO         3815    .ARM.Collect$$rtentry$$0000000D  c_w.l(__rtentry2.o)
    0x08000194   0x08000194   0x00000002   Code   RO         3924    .ARM.Collect$$rtexit$$00000000  c_w.l(rtexit.o)
    0x08000196   0x08000196   0x00000000   Code   RO         3931    .ARM.Collect$$rtexit$$00000002  c_w.l(rtexit2.o)
    0x08000196   0x08000196   0x00000004   Code   RO         3932    .ARM.Collect$$rtexit$$00000003  c_w.l(rtexit2.o)
    0x0800019a   0x0800019a   0x00000006   Code   RO         3933    .ARM.Collect$$rtexit$$00000004  c_w.l(rtexit2.o)
    0x080001a0   0x080001a0   0x00000040   Code   RO            4    .text               startup_stm32f10x_md.o
    0x080001e0   0x080001e0   0x00000028   Code   RO         3745    .text               c_w.l(noretval__2sprintf.o)
    0x08000208   0x08000208   0x0000010e   Code   RO         3757    .text               c_w.l(__printf_wp.o)
    0x08000316   0x08000316   0x00000064   Code   RO         3771    .text               c_w.l(rt_memcpy_w.o)
    0x0800037a   0x0800037a   0x00000002   PAD
    0x0800037c   0x0800037c   0x00000080   Code   RO         3773    .text               c_w.l(strcmpv7m.o)
    0x080003fc   0x080003fc   0x00000006   Code   RO         3775    .text               c_w.l(heapauxi.o)
    0x08000402   0x08000402   0x0000041e   Code   RO         3794    .text               c_w.l(_printf_fp_dec.o)
    0x08000820   0x08000820   0x00000030   Code   RO         3796    .text               c_w.l(_printf_char_common.o)
    0x08000850   0x08000850   0x0000000a   Code   RO         3798    .text               c_w.l(_sputc.o)
    0x0800085a   0x0800085a   0x00000002   PAD
    0x0800085c   0x0800085c   0x00000008   Code   RO         3826    .text               c_w.l(rt_locale_intlibspace.o)
    0x08000864   0x08000864   0x0000008a   Code   RO         3828    .text               c_w.l(lludiv10.o)
    0x080008ee   0x080008ee   0x00000002   PAD
    0x080008f0   0x080008f0   0x00000080   Code   RO         3830    .text               c_w.l(_printf_fp_infnan.o)
    0x08000970   0x08000970   0x000000e4   Code   RO         3834    .text               c_w.l(bigflt0.o)
    0x08000a54   0x08000a54   0x00000008   Code   RO         3866    .text               c_w.l(libspace.o)
    0x08000a5c   0x08000a5c   0x0000004a   Code   RO         3869    .text               c_w.l(sys_stackheap_outer.o)
    0x08000aa6   0x08000aa6   0x00000012   Code   RO         3871    .text               c_w.l(exit.o)
    0x08000ab8   0x08000ab8   0x0000000c   Code   RO         3943    .text               c_w.l(sys_exit.o)
    0x08000ac4   0x08000ac4   0x00000002   Code   RO         3954    .text               c_w.l(use_no_semi.o)
    0x08000ac6   0x08000ac6   0x00000000   Code   RO         3956    .text               c_w.l(indicate_semi.o)
    0x08000ac6   0x08000ac6   0x0000003e   Code   RO         3837    CL$$btod_d2e        c_w.l(btod.o)
    0x08000b04   0x08000b04   0x00000046   Code   RO         3839    CL$$btod_d2e_denorm_low  c_w.l(btod.o)
    0x08000b4a   0x08000b4a   0x00000060   Code   RO         3838    CL$$btod_d2e_norm_op1  c_w.l(btod.o)
    0x08000baa   0x08000baa   0x00000338   Code   RO         3847    CL$$btod_div_common  c_w.l(btod.o)
    0x08000ee2   0x08000ee2   0x000000dc   Code   RO         3844    CL$$btod_e2e        c_w.l(btod.o)
    0x08000fbe   0x08000fbe   0x0000002a   Code   RO         3841    CL$$btod_ediv       c_w.l(btod.o)
    0x08000fe8   0x08000fe8   0x0000002a   Code   RO         3840    CL$$btod_emul       c_w.l(btod.o)
    0x08001012   0x08001012   0x00000244   Code   RO         3846    CL$$btod_mult_common  c_w.l(btod.o)
    0x08001256   0x08001256   0x00000004   Code   RO         3678    i.BusFault_Handler  stm32f10x_it.o
    0x0800125a   0x0800125a   0x00000002   Code   RO         3679    i.DebugMon_Handler  stm32f10x_it.o
    0x0800125c   0x0800125c   0x0000003c   Code   RO         3609    i.EXTI0_IRQHandler  encoder.o
    0x08001298   0x08001298   0x0000003c   Code   RO         3610    i.EXTI1_IRQHandler  encoder.o
    0x080012d4   0x080012d4   0x0000000c   Code   RO         2316    i.EXTI_ClearITPendingBit  stm32f10x_exti.o
    0x080012e0   0x080012e0   0x00000028   Code   RO         2320    i.EXTI_GetITStatus  stm32f10x_exti.o
    0x08001308   0x08001308   0x00000094   Code   RO         2321    i.EXTI_Init         stm32f10x_exti.o
    0x0800139c   0x0800139c   0x00000014   Code   RO         3611    i.Encoder_Get       encoder.o
    0x080013b0   0x080013b0   0x0000009c   Code   RO         3612    i.Encoder_Init      encoder.o
    0x0800144c   0x0800144c   0x00000060   Code   RO         3315    i.FloodLED_LeftTurn  led.o
    0x080014ac   0x080014ac   0x00000060   Code   RO         3316    i.FloodLED_RightTurn  led.o
    0x0800150c   0x0800150c   0x00000040   Code   RO         1901    i.GPIO_EXTILineConfig  stm32f10x_gpio.o
    0x0800154c   0x0800154c   0x00000116   Code   RO         1904    i.GPIO_Init         stm32f10x_gpio.o
    0x08001662   0x08001662   0x00000012   Code   RO         1908    i.GPIO_ReadInputDataBit  stm32f10x_gpio.o
    0x08001674   0x08001674   0x00000004   Code   RO         1912    i.GPIO_SetBits      stm32f10x_gpio.o
    0x08001678   0x08001678   0x0000000a   Code   RO         1915    i.GPIO_WriteBit     stm32f10x_gpio.o
    0x08001682   0x08001682   0x00000004   Code   RO         3680    i.HardFault_Handler  stm32f10x_it.o
    0x08001686   0x08001686   0x00000002   PAD
    0x08001688   0x08001688   0x00000024   Code   RO         3361    i.Key_Check         key.o
    0x080016ac   0x080016ac   0x0000003e   Code   RO         3362    i.Key_GetNum        key.o
    0x080016ea   0x080016ea   0x00000002   PAD
    0x080016ec   0x080016ec   0x00000058   Code   RO         3363    i.Key_GetState      key.o
    0x08001744   0x08001744   0x00000054   Code   RO         3364    i.Key_Init          key.o
    0x08001798   0x08001798   0x000002b0   Code   RO         3365    i.Key_Tick          key.o
    0x08001a48   0x08001a48   0x0000000c   Code   RO         3317    i.LED_DirSet        led.o
    0x08001a54   0x08001a54   0x00000038   Code   RO         3318    i.LED_Init          led.o
    0x08001a8c   0x08001a8c   0x00000014   Code   RO         3319    i.LED_SpeedSet      led.o
    0x08001aa0   0x08001aa0   0x0000003c   Code   RO         3320    i.LED_Tick          led.o
    0x08001adc   0x08001adc   0x00000004   Code   RO         3681    i.MemManage_Handler  stm32f10x_it.o
    0x08001ae0   0x08001ae0   0x0000011c   Code   RO         3521    i.Menu_Init         menu.o
    0x08001bfc   0x08001bfc   0x00000014   Code   RO         3522    i.Menu_LED_Direction  menu.o
    0x08001c10   0x08001c10   0x00000014   Code   RO         3523    i.Menu_LED_Speed    menu.o
    0x08001c24   0x08001c24   0x0000018c   Code   RO         3525    i.Menu_Option       menu.o
    0x08001db0   0x08001db0   0x00000124   Code   RO         3526    i.Menu_Show         menu.o
    0x08001ed4   0x08001ed4   0x00000002   Code   RO         3682    i.NMI_Handler       stm32f10x_it.o
    0x08001ed6   0x08001ed6   0x00000002   PAD
    0x08001ed8   0x08001ed8   0x00000070   Code   RO         3157    i.NVIC_Init         misc.o
    0x08001f48   0x08001f48   0x00000014   Code   RO         3158    i.NVIC_PriorityGroupConfig  misc.o
    0x08001f5c   0x08001f5c   0x0000001c   Code   RO         3527    i.Numlen            menu.o
    0x08001f78   0x08001f78   0x0000002a   Code   RO         3403    i.OLED_Clear        oled.o
    0x08001fa2   0x08001fa2   0x00000002   PAD
    0x08001fa4   0x08001fa4   0x00000050   Code   RO         3404    i.OLED_I2C_Init     oled.o
    0x08001ff4   0x08001ff4   0x0000005c   Code   RO         3405    i.OLED_I2C_SendByte  oled.o
    0x08002050   0x08002050   0x00000034   Code   RO         3406    i.OLED_I2C_Start    oled.o
    0x08002084   0x08002084   0x00000028   Code   RO         3407    i.OLED_I2C_Stop     oled.o
    0x080020ac   0x080020ac   0x000000ae   Code   RO         3408    i.OLED_Init         oled.o
    0x0800215a   0x0800215a   0x00000014   Code   RO         3409    i.OLED_Pow          oled.o
    0x0800216e   0x0800216e   0x00000022   Code   RO         3410    i.OLED_SetCursor    oled.o
    0x08002190   0x08002190   0x00000074   Code   RO         3412    i.OLED_ShowChar     oled.o
    0x08002204   0x08002204   0x0000003c   Code   RO         3413    i.OLED_ShowFloatNum  oled.o
    0x08002240   0x08002240   0x00000044   Code   RO         3415    i.OLED_ShowNum      oled.o
    0x08002284   0x08002284   0x00000028   Code   RO         3417    i.OLED_ShowString   oled.o
    0x080022ac   0x080022ac   0x00000020   Code   RO         3418    i.OLED_WriteCommand  oled.o
    0x080022cc   0x080022cc   0x00000020   Code   RO         3419    i.OLED_WriteData    oled.o
    0x080022ec   0x080022ec   0x00000002   Code   RO         3683    i.PendSV_Handler    stm32f10x_it.o
    0x080022ee   0x080022ee   0x00000002   PAD
    0x080022f0   0x080022f0   0x00000020   Code   RO         1382    i.RCC_APB1PeriphClockCmd  stm32f10x_rcc.o
    0x08002310   0x08002310   0x00000020   Code   RO         1384    i.RCC_APB2PeriphClockCmd  stm32f10x_rcc.o
    0x08002330   0x08002330   0x00000002   Code   RO         3684    i.SVC_Handler       stm32f10x_it.o
    0x08002332   0x08002332   0x00000008   Code   RO           24    i.SetSysClock       system_stm32f10x.o
    0x0800233a   0x0800233a   0x00000002   PAD
    0x0800233c   0x0800233c   0x000000e0   Code   RO           25    i.SetSysClockTo72   system_stm32f10x.o
    0x0800241c   0x0800241c   0x00000002   Code   RO         3685    i.SysTick_Handler   stm32f10x_it.o
    0x0800241e   0x0800241e   0x00000002   PAD
    0x08002420   0x08002420   0x00000060   Code   RO           27    i.SystemInit        system_stm32f10x.o
    0x08002480   0x08002480   0x00000020   Code   RO         3642    i.TIM2_IRQHandler   main.o
    0x080024a0   0x080024a0   0x00000006   Code   RO          410    i.TIM_ClearFlag     stm32f10x_tim.o
    0x080024a6   0x080024a6   0x00000006   Code   RO          411    i.TIM_ClearITPendingBit  stm32f10x_tim.o
    0x080024ac   0x080024ac   0x00000018   Code   RO          416    i.TIM_Cmd           stm32f10x_tim.o
    0x080024c4   0x080024c4   0x00000022   Code   RO          437    i.TIM_GetITStatus   stm32f10x_tim.o
    0x080024e6   0x080024e6   0x00000012   Code   RO          441    i.TIM_ITConfig      stm32f10x_tim.o
    0x080024f8   0x080024f8   0x0000000c   Code   RO          443    i.TIM_InternalClockConfig  stm32f10x_tim.o
    0x08002504   0x08002504   0x000000a4   Code   RO          487    i.TIM_TimeBaseInit  stm32f10x_tim.o
    0x080025a8   0x080025a8   0x0000007c   Code   RO         3220    i.Timer_Init        timer.o
    0x08002624   0x08002624   0x00000004   Code   RO         3686    i.UsageFault_Handler  stm32f10x_it.o
    0x08002628   0x08002628   0x00000028   Code   RO         3864    i.__ARM_fpclassify  m_ws.l(fpclassify.o)
    0x08002650   0x08002650   0x0000000e   Code   RO         3759    i._is_digit         c_w.l(__printf_wp.o)
    0x0800265e   0x0800265e   0x00000042   Code   RO         3643    i.main              main.o
    0x080026a0   0x080026a0   0x0000002c   Code   RO         3860    locale$$code        c_w.l(lc_numeric_c.o)
    0x080026cc   0x080026cc   0x0000000c   Code   RO         3801    x$fpl$dretinf       fz_ws.l(dretinf.o)
    0x080026d8   0x080026d8   0x00000056   Code   RO         3779    x$fpl$f2d           fz_ws.l(f2d.o)
    0x0800272e   0x0800272e   0x00000002   PAD
    0x08002730   0x08002730   0x00000184   Code   RO         3782    x$fpl$fdiv          fz_ws.l(fdiv.o)
    0x080028b4   0x080028b4   0x00000030   Code   RO         3786    x$fpl$fflt          fz_ws.l(fflt_clz.o)
    0x080028e4   0x080028e4   0x0000008c   Code   RO         3803    x$fpl$fnaninf       fz_ws.l(fnaninf.o)
    0x08002970   0x08002970   0x0000000a   Code   RO         3805    x$fpl$fretinf       fz_ws.l(fretinf.o)
    0x0800297a   0x0800297a   0x00000004   Code   RO         3791    x$fpl$printf1       fz_ws.l(printf1.o)
    0x0800297e   0x0800297e   0x00000000   Code   RO         3807    x$fpl$usenofp       fz_ws.l(usenofp.o)
    0x0800297e   0x0800297e   0x00000012   Data   RO         3321    .constdata          led.o
    0x08002990   0x08002990   0x000005f0   Data   RO         3420    .constdata          oled.o
    0x08002f80   0x08002f80   0x00000140   Data   RO         3529    .constdata          menu.o
    0x080030c0   0x080030c0   0x00000094   Data   RO         3835    .constdata          c_w.l(bigflt0.o)
    0x08003154   0x08003154   0x00000052   Data   RO         3530    .conststring        menu.o
    0x080031a6   0x080031a6   0x00000002   PAD
    0x080031a8   0x080031a8   0x00000020   Data   RO         4003    Region$$Table       anon$$obj.o
    0x080031c8   0x080031c8   0x0000001c   Data   RO         3859    locale$$data        c_w.l(lc_numeric_c.o)


    Execution Region RW_IRAM1 (Exec base: 0x20000000, Load base: 0x080031e4, Size: 0x00000808, Max: 0x00005000, ABSOLUTE)

    Exec Addr    Load Addr    Size         Type   Attr      Idx    E Section Name        Object

    0x20000000   0x080031e4   0x0000000c   Data   RW         3322    .data               led.o
    0x2000000c   0x080031f0   0x0000001a   Data   RW         3366    .data               key.o
    0x20000026   0x0800320a   0x00000002   PAD
    0x20000028   0x0800320c   0x0000003c   Data   RW         3531    .data               menu.o
    0x20000064   0x08003248   0x00000002   Data   RW         3613    .data               encoder.o
    0x20000066   0x0800324a   0x00000002   PAD
    0x20000068        -       0x00000140   Zero   RW         3528    .bss                menu.o
    0x200001a8        -       0x00000060   Zero   RW         3867    .bss                c_w.l(libspace.o)
    0x20000208        -       0x00000200   Zero   RW            2    HEAP                startup_stm32f10x_md.o
    0x20000408        -       0x00000400   Zero   RW            1    STACK               startup_stm32f10x_md.o


==============================================================================

Image component sizes


      Code (inc. data)   RO Data    RW Data    ZI Data      Debug   Object Name

         0          0          0          0          0       4500   core_cm3.o
       296         28          0          2          0       2119   encoder.o
       958         50          0         26          0       3445   key.o
       340         52         18         12          0       3427   led.o
        98          0          0          0          0        909   main.o
      1040        106        402         60        320       4865   menu.o
       132         22          0          0          0       2971   misc.o
       882         32       1520          0          0       7909   oled.o
        64         26        236          0       1536        792   startup_stm32f10x_md.o
       200         18          0          0          0       3976   stm32f10x_exti.o
       374          4          0          0          0      12257   stm32f10x_gpio.o
        26          0          0          0          0       3530   stm32f10x_it.o
        64         12          0          0          0       1026   stm32f10x_rcc.o
       264         42          0          0          0      24416   stm32f10x_tim.o
         0          0          0          0          0     201660   stm32f10x_wwdg.o
       328         28          0          0          0       1733   system_stm32f10x.o
       124          0          0          0          0     234557   timer.o

    ----------------------------------------------------------------------
      5204        420       2210        104       1856     514092   Object Totals
         0          0         32          0          0          0   (incl. Generated)
        14          0          2          4          0          0   (incl. Padding)

    ----------------------------------------------------------------------

      Code (inc. data)   RO Data    RW Data    ZI Data      Debug   Library Member Name

         8          0          0          0          0         68   __main.o
       284          0          0          0          0        156   __printf_wp.o
         0          0          0          0          0          0   __rtentry.o
        12          0          0          0          0          0   __rtentry2.o
         6          0          0          0          0          0   __rtentry4.o
        52          8          0          0          0          0   __scatter.o
        26          0          0          0          0          0   __scatter_copy.o
        28          0          0          0          0          0   __scatter_zi.o
        48          6          0          0          0         96   _printf_char_common.o
         6          0          0          0          0          0   _printf_f.o
      1054          0          0          0          0        216   _printf_fp_dec.o
       128         16          0          0          0         84   _printf_fp_infnan.o
         0          0          0          0          0          0   _printf_percent.o
         4          0          0          0          0          0   _printf_percent_end.o
        10          0          0          0          0         68   _sputc.o
       228          4        148          0          0         96   bigflt0.o
      1936        128          0          0          0        672   btod.o
        18          0          0          0          0         80   exit.o
         6          0          0          0          0        152   heapauxi.o
         0          0          0          0          0          0   indicate_semi.o
        44         10         28          0          0         76   lc_numeric_c.o
         2          0          0          0          0          0   libinit.o
        18          0          0          0          0          0   libinit2.o
         2          0          0          0          0          0   libshutdown.o
         2          0          0          0          0          0   libshutdown2.o
         8          4          0          0         96         68   libspace.o
       138          0          0          0          0         80   lludiv10.o
        40          6          0          0          0         84   noretval__2sprintf.o
         8          4          0          0          0         68   rt_locale_intlibspace.o
       100          0          0          0          0         80   rt_memcpy_w.o
         2          0          0          0          0          0   rtexit.o
        10          0          0          0          0          0   rtexit2.o
       128          0          0          0          0         68   strcmpv7m.o
        12          4          0          0          0         68   sys_exit.o
        74          0          0          0          0         80   sys_stackheap_outer.o
         2          0          0          0          0         68   use_no_semi.o
        12          0          0          0          0         68   dretinf.o
        86          4          0          0          0         84   f2d.o
       388         76          0          0          0         96   fdiv.o
        48          0          0          0          0         68   fflt_clz.o
       140          4          0          0          0         84   fnaninf.o
        10          0          0          0          0         68   fretinf.o
         4          0          0          0          0         68   printf1.o
         0          0          0          0          0          0   usenofp.o
        40          0          0          0          0         68   fpclassify.o

    ----------------------------------------------------------------------
      5182        274        176          0         96       3032   Library Totals
        10          0          0          0          0          0   (incl. Padding)

    ----------------------------------------------------------------------

      Code (inc. data)   RO Data    RW Data    ZI Data      Debug   Library Name

      4444        190        176          0         96       2428   c_w.l
       688         84          0          0          0        536   fz_ws.l
        40          0          0          0          0         68   m_ws.l

    ----------------------------------------------------------------------
      5182        274        176          0         96       3032   Library Totals

    ----------------------------------------------------------------------

==============================================================================


      Code (inc. data)   RO Data    RW Data    ZI Data      Debug   

     10386        694       2386        104       1952     512024   Grand Totals
     10386        694       2386        104       1952     512024   ELF Image Totals
     10386        694       2386        104          0          0   ROM Totals

==============================================================================

    Total RO  Size (Code + RO Data)                12772 (  12.47kB)
    Total RW  Size (RW Data + ZI Data)              2056 (   2.01kB)
    Total ROM Size (Code + RO Data + RW Data)      12876 (  12.57kB)

==============================================================================

